
 Start         Length     Name                   Class
 0001:00000000 000CFFC0H .text                   CODE
 0002:00000000 00005610H .data                   DATA
 0002:00005610 00031C45H .bss                    BSS


Detailed map of segments

 0001:00000000 0000550C C=CODE     S=.text    G=(none)   M=System   ACBP=A9
 0001:0000550C 00000174 C=CODE     S=.text    G=(none)   M=SysInit  ACBP=A9
 0001:00005680 00000C30 C=CODE     S=.text    G=(none)   M=Windows  ACBP=A9
 0001:000062B0 00000038 C=CODE     S=.text    G=(none)   M=Messages ACBP=A9
 0001:000062E8 000002E0 C=CODE     S=.text    G=(none)   M=SysConst ACBP=A9
 0001:000065C8 00005ED8 C=CODE     S=.text    G=(none)   M=SysUtils ACBP=A9
 0001:0000C4A0 00000040 C=CODE     S=.text    G=(none)   M=ActiveX  ACBP=A9
 0001:0000C4E0 00000410 C=CODE     S=.text    G=(none)   M=Consts   ACBP=A9
 0001:0000C8F0 000004F0 C=CODE     S=.text    G=(none)   M=TypInfo  ACBP=A9
 0001:0000CDE0 00007C95 C=CODE     S=.text    G=(none)   M=Classes  ACBP=A9
 0001:00014A78 00009397 C=CODE     S=.text    G=(none)   M=Graphics ACBP=A9
 0001:0001DE10 00000198 C=CODE     S=.text    G=(none)   M=Commctrl ACBP=A9
 0001:0001DFA8 00000783 C=CODE     S=.text    G=(none)   M=MultiMon ACBP=A9
 0001:0001E72C 00000038 C=CODE     S=.text    G=(none)   M=Imm      ACBP=A9
 0001:0001E764 000001D0 C=CODE     S=.text    G=(none)   M=Math     ACBP=A9
 0001:0001E934 00000038 C=CODE     S=.text    G=(none)   M=WinSpool ACBP=A9
 0001:0001E96C 00000044 C=CODE     S=.text    G=(none)   M=Printers ACBP=A9
 0001:0001E9B0 0000031F C=CODE     S=.text    G=(none)   M=FlatSB   ACBP=A9
 0001:0001ECD0 00009D6C C=CODE     S=.text    G=(none)   M=StdCtrls ACBP=A9
 0001:00028A3C 00000700 C=CODE     S=.text    G=(none)   M=Clipbrd  ACBP=A9
 0001:0002913C 0000015C C=CODE     S=.text    G=(none)   M=StdActns ACBP=A9
 0001:00029298 0000F277 C=CODE     S=.text    G=(none)   M=Controls ACBP=A9
 0001:00038510 00000E1C C=CODE     S=.text    G=(none)   M=ActnList ACBP=A9
 0001:0003932C 00001994 C=CODE     S=.text    G=(none)   M=ImgList  ACBP=A9
 0001:0003ACC0 00004546 C=CODE     S=.text    G=(none)   M=Menus    ACBP=A9
 0001:0003F208 0000C28F C=CODE     S=.text    G=(none)   M=Forms    ACBP=A9
 0001:0004B498 00000050 C=CODE     S=.text    G=(none)   M=CommDlg  ACBP=A9
 0001:0004B4E8 00004A20 C=CODE     S=.text    G=(none)   M=ExtCtrls ACBP=A9
 0001:0004FF08 00000038 C=CODE     S=.text    G=(none)   M=Dlgs     ACBP=A9
 0001:0004FF40 000022B5 C=CODE     S=.text    G=(none)   M=Dialogs  ACBP=A9
 0001:000521F8 00000CE4 C=CODE     S=.text    G=(none)   M=IniFiles ACBP=A9
 0001:00052EDC 000021BD C=CODE     S=.text    G=(none)   M=Buttons  ACBP=A9
 0001:0005509C 00001BA0 C=CODE     S=.text    G=(none)   M=Spin     ACBP=A9
 0001:00056C3C 00000038 C=CODE     S=.text    G=(none)   M=RichEdit ACBP=A9
 0001:00056C74 00000038 C=CODE     S=.text    G=(none)   M=ToolWin  ACBP=A9
 0001:00056CAC 00000078 C=CODE     S=.text    G=(none)   M=ComStrs  ACBP=A9
 0001:00056D24 00004BAC C=CODE     S=.text    G=(none)   M=ComCtrls ACBP=A9
 0001:0005B8D0 00000040 C=CODE     S=.text    G=(none)   M=MMSystem ACBP=A9
 0001:0005B910 0000137B C=CODE     S=.text    G=(none)   M=CheckLst ACBP=A9
 0001:0005CC8C 00000038 C=CODE     S=.text    G=(none)   M=Mask     ACBP=A9
 0001:0005CCC4 00000038 C=CODE     S=.text    G=(none)   M=Grids    ACBP=A9
 0001:0005CCFC 00000038 C=CODE     S=.text    G=(none)   M=Bde      ACBP=A9
 0001:0005CD34 00000038 C=CODE     S=.text    G=(none)   M=DbConsts ACBP=A9
 0001:0005CD6C 00000254 C=CODE     S=.text    G=(none)   M=Db       ACBP=A9
 0001:0005CFC0 00000050 C=CODE     S=.text    G=(none)   M=ShellAPI ACBP=A9
 0001:0005D010 00000038 C=CODE     S=.text    G=(none)   M=RegStr   ACBP=A9
 0001:0005D048 00000038 C=CODE     S=.text    G=(none)   M=WinInet  ACBP=A9
 0001:0005D080 00000038 C=CODE     S=.text    G=(none)   M=UrlMon   ACBP=A9
 0001:0005D0B8 00000038 C=CODE     S=.text    G=(none)   M=ShlObj   ACBP=A9
 0001:0005D0F0 00001DE8 C=CODE     S=.text    G=(none)   M=FSpin    ACBP=A9
 0001:0005EED8 00000038 C=CODE     S=.text    G=(none)   M=LZExpand ACBP=A9
 0001:0005EF10 00003D60 C=CODE     S=.text    G=(none)   M=Misc     ACBP=A9
 0001:00062C70 000007CC C=CODE     S=.text    G=(none)   M=IniIO    ACBP=A9
 0001:0006343C 00000328 C=CODE     S=.text    G=(none)   M=SizePos  ACBP=A9
 0001:00063764 00000050 C=CODE     S=.text    G=(none)   M=jconsts  ACBP=A9
 0001:000637B4 00013810 C=CODE     S=.text    G=(none)   M=jpeg     ACBP=A9
 0001:00076FC4 00002914 C=CODE     S=.text    G=(none)   M=JpegCalc ACBP=A9
 0001:000798D8 0000146C C=CODE     S=.text    G=(none)   M=Optionsdlg ACBP=A9
 0001:0007AD44 00000B88 C=CODE     S=.text    G=(none)   M=ExtDlgs  ACBP=A9
 0001:0007B8CC 00000F1C C=CODE     S=.text    G=(none)   M=GIF24    ACBP=A9
 0001:0007C7E8 00000714 C=CODE     S=.text    G=(none)   M=GifWrite ACBP=A9
 0001:0007CEFC 00001878 C=CODE     S=.text    G=(none)   M=graph41  ACBP=A9
 0001:0007E774 000002E4 C=CODE     S=.text    G=(none)   M=graph42  ACBP=A9
 0001:0007EA58 000007DC C=CODE     S=.text    G=(none)   M=GIF      ACBP=A9
 0001:0007F234 0000EE54 C=CODE     S=.text    G=(none)   M=GIFImage ACBP=A9
 0001:0008E088 000001B5 C=CODE     S=.text    G=(none)   M=FTGifAnimate ACBP=A9
 0001:0008E240 00000224 C=CODE     S=.text    G=(none)   M=Mass     ACBP=A9
 0001:0008E464 000004D0 C=CODE     S=.text    G=(none)   M=EditStrut ACBP=A9
 0001:0008E934 00002478 C=CODE     S=.text    G=(none)   M=EMAdlg   ACBP=A9
 0001:00090DAC 00000800 C=CODE     S=.text    G=(none)   M=MovieDlg ACBP=A9
 0001:000915AC 00001908 C=CODE     S=.text    G=(none)   M=ImportImagesdlg ACBP=A9
 0001:00092EB4 00000198 C=CODE     S=.text    G=(none)   M=HelpFm   ACBP=A9
 0001:0009304C 00000440 C=CODE     S=.text    G=(none)   M=Roofdlg  ACBP=A9
 0001:0009348C 00006D54 C=CODE     S=.text    G=(none)   M=zlibpas  ACBP=A9
 0001:0009A1E0 000000C8 C=CODE     S=.text    G=(none)   M=pnglang  ACBP=A9
 0001:0009A2A8 000076EC C=CODE     S=.text    G=(none)   M=pngimage ACBP=A9
 0001:000A1994 000004A0 C=CODE     S=.text    G=(none)   M=ImportNodesDlg ACBP=A9
 0001:000A1E34 00000464 C=CODE     S=.text    G=(none)   M=BGShiftDlg ACBP=A9
 0001:000A2298 0002D95C C=CODE     S=.text    G=(none)   M=Unit1    ACBP=A9
 0001:000CFBF4 000003CC C=CODE     S=.text    G=(none)   M=MyoSim3D ACBP=A9
 0002:00000000 0000009E C=DATA     S=.data    G=DGROUP   M=System   ACBP=A9
 0002:000000A0 00000018 C=DATA     S=.data    G=DGROUP   M=SysInit  ACBP=A9
 0002:000000B8 00000228 C=DATA     S=.data    G=DGROUP   M=SysUtils ACBP=A9
 0002:000002E0 00000010 C=DATA     S=.data    G=DGROUP   M=TypInfo  ACBP=A9
 0002:000002F0 0000009C C=DATA     S=.data    G=DGROUP   M=Classes  ACBP=A9
 0002:0000038C 000002BC C=DATA     S=.data    G=DGROUP   M=Graphics ACBP=A9
 0002:00000648 00000004 C=DATA     S=.data    G=DGROUP   M=Printers ACBP=A9
 0002:0000064C 00000104 C=DATA     S=.data    G=DGROUP   M=StdCtrls ACBP=A9
 0002:00000750 00000128 C=DATA     S=.data    G=DGROUP   M=Controls ACBP=A9
 0002:00000878 00000020 C=DATA     S=.data    G=DGROUP   M=ImgList  ACBP=A9
 0002:00000898 000000D8 C=DATA     S=.data    G=DGROUP   M=Menus    ACBP=A9
 0002:00000970 00000148 C=DATA     S=.data    G=DGROUP   M=Forms    ACBP=A9
 0002:00000AB8 00000014 C=DATA     S=.data    G=DGROUP   M=ExtCtrls ACBP=A9
 0002:00000ACC 00000118 C=DATA     S=.data    G=DGROUP   M=Dialogs  ACBP=A9
 0002:00000BE4 00000008 C=DATA     S=.data    G=DGROUP   M=IniFiles ACBP=A9
 0002:00000BEC 00000046 C=DATA     S=.data    G=DGROUP   M=Buttons  ACBP=A9
 0002:00000C34 00000084 C=DATA     S=.data    G=DGROUP   M=ComCtrls ACBP=A9
 0002:00000CB8 00000078 C=DATA     S=.data    G=DGROUP   M=Db       ACBP=A9
 0002:00000D30 00000015 C=DATA     S=.data    G=DGROUP   M=Misc     ACBP=A9
 0002:00000D48 00000004 C=DATA     S=.data    G=DGROUP   M=IniIO    ACBP=A9
 0002:00000D4C 000008F8 C=DATA     S=.data    G=DGROUP   M=jpeg     ACBP=A9
 0002:00001644 000000AD C=DATA     S=.data    G=DGROUP   M=JpegCalc ACBP=A9
 0002:000016F4 00000004 C=DATA     S=.data    G=DGROUP   M=Optionsdlg ACBP=A9
 0002:000016F8 00000004 C=DATA     S=.data    G=DGROUP   M=GifWrite ACBP=A9
 0002:000016FC 0000000C C=DATA     S=.data    G=DGROUP   M=graph41  ACBP=A9
 0002:00001708 00000103 C=DATA     S=.data    G=DGROUP   M=GIFImage ACBP=A9
 0002:0000180C 00003720 C=DATA     S=.data    G=DGROUP   M=zlibpas  ACBP=A9
 0002:00004F2C 00000168 C=DATA     S=.data    G=DGROUP   M=pngimage ACBP=A9
 0002:00005094 000000DC C=DATA     S=.data    G=DGROUP   M=Unit1    ACBP=A9
 0002:00006000 000004CC C=BSS      S=.bss     G=DGROUP   M=System   ACBP=A9
 0002:000064CC 00000018 C=BSS      S=.bss     G=DGROUP   M=SysInit  ACBP=A9
 0002:000064E4 00000004 C=BSS      S=.bss     G=DGROUP   M=Windows  ACBP=A9
 0002:000064E8 00000004 C=BSS      S=.bss     G=DGROUP   M=Messages ACBP=A9
 0002:000064EC 00000004 C=BSS      S=.bss     G=DGROUP   M=SysConst ACBP=A9
 0002:000064F0 00000114 C=BSS      S=.bss     G=DGROUP   M=SysUtils ACBP=A9
 0002:00006604 00000004 C=BSS      S=.bss     G=DGROUP   M=ActiveX  ACBP=A9
 0002:00006608 00000004 C=BSS      S=.bss     G=DGROUP   M=Consts   ACBP=A9
 0002:0000660C 00000004 C=BSS      S=.bss     G=DGROUP   M=TypInfo  ACBP=A9
 0002:00006610 00000024 C=BSS      S=.bss     G=DGROUP   M=Classes  ACBP=A9
 0002:00006634 00000060 C=BSS      S=.bss     G=DGROUP   M=Graphics ACBP=A9
 0002:00006694 0000000C C=BSS      S=.bss     G=DGROUP   M=Commctrl ACBP=A9
 0002:000066A0 00000031 C=BSS      S=.bss     G=DGROUP   M=MultiMon ACBP=A9
 0002:000066D4 00000004 C=BSS      S=.bss     G=DGROUP   M=Imm      ACBP=A9
 0002:000066D8 00000004 C=BSS      S=.bss     G=DGROUP   M=Math     ACBP=A9
 0002:000066DC 00000004 C=BSS      S=.bss     G=DGROUP   M=WinSpool ACBP=A9
 0002:000066E0 00000004 C=BSS      S=.bss     G=DGROUP   M=Printers ACBP=A9
 0002:000066E4 00000034 C=BSS      S=.bss     G=DGROUP   M=FlatSB   ACBP=A9
 0002:00006718 00000004 C=BSS      S=.bss     G=DGROUP   M=StdCtrls ACBP=A9
 0002:0000671C 0000000C C=BSS      S=.bss     G=DGROUP   M=Clipbrd  ACBP=A9
 0002:00006728 00000004 C=BSS      S=.bss     G=DGROUP   M=StdActns ACBP=A9
 0002:0000672C 00000070 C=BSS      S=.bss     G=DGROUP   M=Controls ACBP=A9
 0002:0000679C 00000004 C=BSS      S=.bss     G=DGROUP   M=ActnList ACBP=A9
 0002:000067A0 00000004 C=BSS      S=.bss     G=DGROUP   M=ImgList  ACBP=A9
 0002:000067A4 0000000C C=BSS      S=.bss     G=DGROUP   M=Menus    ACBP=A9
 0002:000067B0 00000044 C=BSS      S=.bss     G=DGROUP   M=Forms    ACBP=A9
 0002:000067F4 00000004 C=BSS      S=.bss     G=DGROUP   M=CommDlg  ACBP=A9
 0002:000067F8 00000004 C=BSS      S=.bss     G=DGROUP   M=ExtCtrls ACBP=A9
 0002:000067FC 00000004 C=BSS      S=.bss     G=DGROUP   M=Dlgs     ACBP=A9
 0002:00006800 0000003C C=BSS      S=.bss     G=DGROUP   M=Dialogs  ACBP=A9
 0002:0000683C 00000004 C=BSS      S=.bss     G=DGROUP   M=IniFiles ACBP=A9
 0002:00006840 00000030 C=BSS      S=.bss     G=DGROUP   M=Buttons  ACBP=A9
 0002:00006870 00000004 C=BSS      S=.bss     G=DGROUP   M=Spin     ACBP=A9
 0002:00006874 00000004 C=BSS      S=.bss     G=DGROUP   M=RichEdit ACBP=A9
 0002:00006878 00000004 C=BSS      S=.bss     G=DGROUP   M=ToolWin  ACBP=A9
 0002:0000687C 00000004 C=BSS      S=.bss     G=DGROUP   M=ComStrs  ACBP=A9
 0002:00006880 00000008 C=BSS      S=.bss     G=DGROUP   M=ComCtrls ACBP=A9
 0002:00006888 00000004 C=BSS      S=.bss     G=DGROUP   M=MMSystem ACBP=A9
 0002:0000688C 0000000C C=BSS      S=.bss     G=DGROUP   M=CheckLst ACBP=A9
 0002:00006898 00000004 C=BSS      S=.bss     G=DGROUP   M=Mask     ACBP=A9
 0002:0000689C 00000004 C=BSS      S=.bss     G=DGROUP   M=Grids    ACBP=A9
 0002:000068A0 00000004 C=BSS      S=.bss     G=DGROUP   M=Bde      ACBP=A9
 0002:000068A4 00000004 C=BSS      S=.bss     G=DGROUP   M=DbConsts ACBP=A9
 0002:000068A8 00000004 C=BSS      S=.bss     G=DGROUP   M=Db       ACBP=A9
 0002:000068AC 00000004 C=BSS      S=.bss     G=DGROUP   M=ShellAPI ACBP=A9
 0002:000068B0 00000004 C=BSS      S=.bss     G=DGROUP   M=RegStr   ACBP=A9
 0002:000068B4 00000004 C=BSS      S=.bss     G=DGROUP   M=WinInet  ACBP=A9
 0002:000068B8 00000004 C=BSS      S=.bss     G=DGROUP   M=UrlMon   ACBP=A9
 0002:000068BC 00000004 C=BSS      S=.bss     G=DGROUP   M=ShlObj   ACBP=A9
 0002:000068C0 00000004 C=BSS      S=.bss     G=DGROUP   M=FSpin    ACBP=A9
 0002:000068C4 00000004 C=BSS      S=.bss     G=DGROUP   M=LZExpand ACBP=A9
 0002:000068C8 00000024 C=BSS      S=.bss     G=DGROUP   M=Misc     ACBP=A9
 0002:000068EC 00000004 C=BSS      S=.bss     G=DGROUP   M=IniIO    ACBP=A9
 0002:000068F0 00000004 C=BSS      S=.bss     G=DGROUP   M=SizePos  ACBP=A9
 0002:000068F4 00000004 C=BSS      S=.bss     G=DGROUP   M=jconsts  ACBP=A9
 0002:000068F8 00000004 C=BSS      S=.bss     G=DGROUP   M=jpeg     ACBP=A9
 0002:000068FC 00000004 C=BSS      S=.bss     G=DGROUP   M=JpegCalc ACBP=A9
 0002:00006900 00000014 C=BSS      S=.bss     G=DGROUP   M=Optionsdlg ACBP=A9
 0002:00006914 00000004 C=BSS      S=.bss     G=DGROUP   M=ExtDlgs  ACBP=A9
 0002:00006918 00000004 C=BSS      S=.bss     G=DGROUP   M=GIF24    ACBP=A9
 0002:0000691C 00009D8D C=BSS      S=.bss     G=DGROUP   M=GifWrite ACBP=A9
 0002:000106AC 00000010 C=BSS      S=.bss     G=DGROUP   M=graph41  ACBP=A9
 0002:000106BC 00000004 C=BSS      S=.bss     G=DGROUP   M=graph42  ACBP=A9
 0002:000106C0 00000004 C=BSS      S=.bss     G=DGROUP   M=GIF      ACBP=A9
 0002:000106C4 00000010 C=BSS      S=.bss     G=DGROUP   M=GIFImage ACBP=A9
 0002:000106D4 00000008 C=BSS      S=.bss     G=DGROUP   M=FTGifAnimate ACBP=A9
 0002:000106DC 00000008 C=BSS      S=.bss     G=DGROUP   M=Mass     ACBP=A9
 0002:000106E4 00000008 C=BSS      S=.bss     G=DGROUP   M=EditStrut ACBP=A9
 0002:000106EC 00000008 C=BSS      S=.bss     G=DGROUP   M=EMAdlg   ACBP=A9
 0002:000106F4 00000008 C=BSS      S=.bss     G=DGROUP   M=MovieDlg ACBP=A9
 0002:000106FC 00000008 C=BSS      S=.bss     G=DGROUP   M=ImportImagesdlg ACBP=A9
 0002:00010704 00000008 C=BSS      S=.bss     G=DGROUP   M=HelpFm   ACBP=A9
 0002:0001070C 00000008 C=BSS      S=.bss     G=DGROUP   M=Roofdlg  ACBP=A9
 0002:00010714 00000004 C=BSS      S=.bss     G=DGROUP   M=zlibpas  ACBP=A9
 0002:00010718 00000004 C=BSS      S=.bss     G=DGROUP   M=pnglang  ACBP=A9
 0002:0001071C 00000409 C=BSS      S=.bss     G=DGROUP   M=pngimage ACBP=A9
 0002:00010B28 00000008 C=BSS      S=.bss     G=DGROUP   M=ImportNodesDlg ACBP=A9
 0002:00010B30 00000008 C=BSS      S=.bss     G=DGROUP   M=BGShiftDlg ACBP=A9
 0002:00010B38 0002710C C=BSS      S=.bss     G=DGROUP   M=Unit1    ACBP=A9


  Address         Publics by Name

 0002:0000005C       .
 0001:000048E0       .
 0001:00004AA8       .
 0002:00000E58       .
 0001:000688F4       .
 0001:00068EE0       .
 0001:0006948C       .
 0001:0000BA24       .
 0002:00000ED8       .
 0002:00002F2C       .
 0001:0006A0E4       .
 0001:00099984       .
 0002:00002F24       .
 0001:0006B3EC       .
 0001:000045D0       .
 0001:000998BC       .
 0001:00067E64       .
 0001:0006BAC4       .
 0002:00000DD8       .
 0002:000024B8       .
 0001:0006CB60       .
 0001:00067098       .
 0001:00066964       .
 0001:0006CE54       .
 0002:00000FE4       .
 0001:0006D140       .
 0001:00076358       .
 0001:00074EF0       .
 0002:00001584       .
 0001:000652DC       .
 0001:00074970       .
 0001:00097A78       .
 0002:00001834       .
 0001:00074048       .
 0001:000739C0       .
 0001:00073190       .
 0002:00000DC8       .
 0001:0006EBF8       .
 0002:0000238C       .
 0001:00065F3C       .
 0001:00072C54       .
 0001:000664A4       .
 0002:000018E8       .
 0001:00070834       .
 0001:00072AF8       .
 0001:00071FC0       .
 0002:00001938       .
 0001:000717D4       .
 0002:000011E4       .
 0001:00070948       .
 0002:00006800       .01
 0002:000106C8       .02
 0002:000066D4       .1
 0002:000067F4       .1
 0002:00006704       .1
 0002:000068F4       .1
 0002:000068EC       .1
 0002:000068C4       .1
 0002:000067FC       .1
 0002:00010714       .1
 0002:000064EC       .1
 0002:0000687C       .1
 0002:000106D4       .1
 0002:000068BC       .1
 0002:000068B8       .1
 0002:000068B4       .1
 0002:0000691C       .1
 0002:000068B0       .1
 0002:000068AC       .1
 0002:000106AC       .1
 0002:000064DC       .1
 0002:000068A4       .1
 0002:00006608       .1
 0002:000068A0       .1
 0002:000064E8       .1
 0002:00010718       .1
 0002:00006874       .1
 0002:000106BC       .1
 0002:000066C0       .1
 0002:00006694       .1
 0002:000065F8       .14
 0002:00006880       .15
 0002:000106F8       .2
 0002:000064E4       .2
 0002:00010B34       .2
 0002:00010710       .2
 0002:00006910       .2
 0002:000106F0       .2
 0002:00010B2C       .2
 0002:000106C0       .2
 0002:000068F0       .2
 0002:00006720       .2
 0002:000106E8       .2
 0002:000066D8       .2
 0002:0000688C       .2
 0002:00010708       .2
 0002:000106E0       .2
 0002:00006734       .22
 0002:000068A8       .25
 0002:00006918       .3
 0002:00006914       .3
 0002:000068F8       .3
 0002:00006604       .3
 0002:000066E0       .3
 0002:00006428       .3
 0002:000066DC       .3
 0002:00006840       .3
 0002:0000660C       .3
 0002:000067A0       .3
 0002:000068C8       .3
 0002:000067B8       .31
 0002:00010B3C       .31
 0002:00006728       .31
 0002:00006718       .32
 0002:0000683C       .4
 0002:000068FC       .4
 0002:00006878       .4
 0002:00010700       .4
 0002:00006870       .5
 0002:000068C0       .5
 0002:00006898       .6
 0002:000067F8       .61
 0002:00006888       .7
 0002:000067A4       .7
 0002:0000679C       .7
 0002:00006638       .81
 0002:0001071C       .83
 0002:00006618       .84
 0002:0000689C       .9
 0001:00001A28       @AbstractError
 0001:00003608       @AddRef
 0001:00003548       @AddRefArray
 0001:0000351C       @AddRefRecord
 0001:00002274       @AfterConstruction
 0001:00004929       @Append
 0001:000020AC       @AsClass
 0001:00002AD0       @Assert
 0001:000047D2       @Assign
 0001:00001B6C       @AStrCmp
 0001:0000227C       @BeforeDestruction
 0001:00001E5C       @BoundErr
 0001:000020F8       @CallDynaInst
 0001:0000221C       @ClassCreate
 0001:0000226C       @ClassDestroy
 0001:00004874       @Close
 0001:00099970       @compressBound
 0001:00001800       @Copy
 0001:00003730       @CopyArray
 0001:00003614       @CopyRecord
 0001:000019AC       @COS
 0001:0009998C       @crc32
 0001:00001844       @Delete
 0001:00003838       @Dispose
 0001:00002638       @DoneExcept
 0001:000040E4       @DynArrayAddRef
 0001:000040BC       @DynArrayAsg
 0001:00004080       @DynArrayClear
 0001:00003F78       @DynArrayCopy
 0001:00003F8C       @DynArrayCopyRange
 0001:00003DB8       @DynArrayHigh
 0001:00003DB0       @DynArrayLength
 0001:00003F6C       @DynArraySetLength
 0001:000048B0       @Erase
 0001:0000272C       @ExceptionHandler
 0001:000019BC       @EXP
 0001:00001BDC       @FillChar
 0001:00003510       @Finalize
 0001:00003430       @FinalizeArray
 0001:00003404       @FinalizeRecord
 0001:00002110       @FindDynaInst
 0001:0000484D       @Flush
 0001:00001E50       @FpuInit
 0001:00001D8C       @FpuMaskInit
 0001:000019E4       @FRAC
 0001:00001718       @FreeMem
 0001:00001700       @GetMem
 0001:00005584       @GetTls
 0001:00002AB8       @Halt
 0001:000029A0       @Halt0
 0001:00002388       @HandleAnyException
 0001:00002590       @HandleFinally
 0001:00002458       @HandleOnException
 0001:000955E0       @inflate_fast
 0001:00097608       @inflate_table
 0001:00005614       @InitExe
 0001:000033F8       @Initialize
 0001:00003364       @InitializeArray
 0001:00003338       @InitializeRecord
 0001:000028FC       @InitImports
 0001:000028E0       @InitResStringImports
 0001:00004548       @IntfAddRef
 0001:00004514       @IntfClear
 0001:0000452C       @IntfCopy
 0001:00002094       @IsClass
 0001:00001D5C       @isNECWindows
 0001:000707A8       @jcopy_block_row
 0001:0007075C       @jcopy_sample_rows
 0001:0006A050       @jinit_1pass_quantizer
 0001:0006B2CC       @jinit_2pass_quantizer
 0001:00073DFC       @jinit_color_converter
 0001:000692C0       @jinit_color_deconverter
 0001:00071724       @jinit_compress_master
 0001:000738F8       @jinit_c_coef_controller
 0001:00072BD0       @jinit_c_main_controller
 0001:00072A30       @jinit_c_master_control
 0001:000730E8       @jinit_c_prep_controller
 0001:000747E8       @jinit_downsampler
 0001:0006CA4C       @jinit_d_coef_controller
 0001:0006B9E4       @jinit_d_main_controller
 0001:0006CDC0       @jinit_d_post_controller
 0001:00074E60       @jinit_forward_dct
 0001:000688B4       @jinit_huff_decoder
 0001:00076E98       @jinit_huff_encoder
 0001:0006645C       @jinit_input_controller
 0001:0006D0C4       @jinit_inverse_dct
 0001:000706D8       @jinit_marker_reader
 0001:00071F74       @jinit_marker_writer
 0001:00067060       @jinit_master_decompress
 0001:00065E0C       @jinit_memory_mgr
 0001:00068E60       @jinit_merged_upsampler
 0001:00067DF0       @jinit_phuff_decoder
 0001:00075998       @jinit_phuff_encoder
 0001:0006D624       @jinit_upsampler
 0001:000707B8       @jpeg_abort
 0001:0007081C       @jpeg_alloc_huff_table
 0001:00070804       @jpeg_alloc_quant_table
 0001:0007602C       @jpeg_fdct_float
 0001:00075DC0       @jpeg_fdct_ifast
 0001:000759DC       @jpeg_fdct_islow
 0001:0006819C       @jpeg_fill_bit_buffer
 0001:00065F10       @jpeg_free_large
 0001:00065F00       @jpeg_free_small
 0001:00076BDC       @jpeg_gen_optimal_table
 0001:00065F08       @jpeg_get_large
 0001:00065EF8       @jpeg_get_small
 0001:000682AC       @jpeg_huff_decode
 0001:0006EBBC       @jpeg_idct_1x1
 0001:0006E9E0       @jpeg_idct_2x2
 0001:0006E64C       @jpeg_idct_4x4
 0001:0006D83C       @jpeg_idct_float
 0001:0006DC6C       @jpeg_idct_ifast
 0001:0006E078       @jpeg_idct_islow
 0001:00076524       @jpeg_make_c_derived_tbl
 0001:00067F84       @jpeg_make_d_derived_tbl
 0001:00065F18       @jpeg_mem_available
 0001:00065F34       @jpeg_mem_init
 0001:00065F38       @jpeg_mem_term
 0001:00065F24       @jpeg_open_backing_store
 0001:000705AC       @jpeg_resync_to_restart
 0001:00071558       @jpeg_suppress_tables
 0001:00070744       @jround_up
 0001:00002FA0       @LStrAddRef
 0001:00002B94       @LStrArrayClr
 0001:00002BC4       @LStrAsg
 0001:00002DF4       @LStrCat
 0001:00002E38       @LStrCat3
 0001:00002EAC       @LStrCatN
 0001:00002B70       @LStrClr
 0001:00002EFC       @LStrCmp
 0001:00002FF0       @LStrCopy
 0001:00003030       @LStrDelete
 0001:00002D9C       @LStrFromArray
 0001:00002D14       @LStrFromChar
 0001:00002D24       @LStrFromPChar
 0001:00002C54       @LStrFromPCharLen
 0001:00002D54       @LStrFromPWChar
 0001:00002C84       @LStrFromPWCharLen
 0001:00002D90       @LStrFromString
 0001:00002DB4       @LStrFromWStr
 0001:00003078       @LStrInsert
 0001:00002C08       @LStrLAsg
 0001:00002DEC       @LStrLen
 0001:000030D4       @LStrPos
 0001:0000311C       @LStrSetLength
 0001:00002FB0       @LStrToPChar
 0001:00002DC8       @LStrToString
 0001:00003824       @New
 0001:00002C30       @NewAnsiString
 0001:000032BC       @NewWideString
 0001:00004E50       @Pow10
 0001:00001A44       @PStrCat
 0001:00001AE8       @PStrCmp
 0001:00001A9C       @PStrCpy
 0001:00001A6C       @PStrNCat
 0001:00001AB8       @PStrNCpy
 0001:000025E4       @RaiseAgain
 0001:000025C8       @RaiseExcept
 0001:00001BFC       @RandInt
 0001:00001730       @ReallocMem
 0001:0000491B       @ResetText
 0001:00004922       @RewritText
 0001:00001A00       @ROUND
 0001:00002AC4       @RunError
 0001:00001D1C       @SetElem
 0001:00001D40       @SetEq
 0001:000019D4       @SIN
 0001:000028B0       @StartExe
 0001:00004AC8       @Str0Ext
 0001:00004AD4       @Str1Ext
 0001:00004ADB       @Str2Ext
 0001:00001A0C       @TRUNC
 0001:00002668       @TryFinallyExit
 0001:00004D4C       @ValExt
 0001:00001C14       @ValLong
 0001:00003D8C       @VarAddRef
 0001:00003BE0       @VarCast
 0001:0000398C       @VarClear
 0001:00003D84       @VarClr
 0001:000039D0       @VarCopy
 0001:00003D10       @VarFromLStr
 0001:00003D50       @VarFromWStr
 0001:00003CD4       @VarToLStr
 0001:00004A0F       @Write0Char
 0001:00004A78       @Write0CString
 0001:000049D4       @Write0String
 0001:00004930       @WriteBytes
 0001:00004A61       @WriteChar
 0001:00004A7C       @WriteCString
 0001:000049FB       @WriteLn
 0001:0000499B       @WriteSpaces
 0001:000049DE       @WriteString
 0001:00003318       @WStrAddRef
 0001:000031B0       @WStrArrayClr
 0001:000031D4       @WStrAsg
 0001:00003198       @WStrClr
 0001:000032A0       @WStrFromLStr
 0001:000031F8       @WStrFromPCharLen
 0001:0000327C       @WStrFromPWCharLen
 0001:000032B0       @WStrLen
 0001:000032D4       @WStrSetLength
 0001:00001CF8       @_CLenToPasStr
 0001:00001CE0       @_CToPasStr
 0001:00004828       @_Flush
 0001:000017D0       @_IOTest
 0001:0000516A       @_lldiv
 0001:000051E2       @_lldivo
 0001:0000525D       @_llmod
 0001:000052D7       @_llmodo
 0001:00005124       @_llmul
 0001:00005147       @_llmulo
 0001:00005357       @_llshl
 0001:00005214       @_lludiv
 0001:00005309       @_llumod
 0001:0000538F       @_llushr
 0001:00098C78       @_tr_align
 0001:00098F44       @_tr_flush_block
 0001:00097A7C       @_tr_init
 0001:00098BBC       @_tr_stored_block
 0001:00061134       a3DPoint
 0001:0002BA2C       AbsMin
 0001:0000A6C8       AbstractErrorHandler
 0002:00006018       AbstractErrorProc
 0002:00000130       AccessMode
 0002:000105A8       accum
 0001:00005B40       ActivateKeyboardLayout
 0002:0000675C       ActiveDrag
 0001:0000C4D8       ActiveX
 0001:00039324       ActnList
 0001:000613DC       Add3D
 0001:00000438       AddBlockAfter
 0001:00007174       AddExitProc
 0001:000C445C       AddFace
 0001:000CE290       AddFace
 0001:000B98D8       AddFacePressure
 0001:000B83B0       AddFacePressure
 0001:0001115C       AddFinished
 0001:000A6AF0       AddForce
 0001:000A5998       AddGap
 0001:0008836C       AddIconMask
 0001:0003C394       AddIn
 0001:000CA594       AddLine
 0001:000881A8       AddMask
 0001:000882FC       AddMaskOnly
 0001:00088438       AddMetafileMask
 0001:00004360       AddModuleUnloadProc
 0001:00011194       AddNotFinished
 0001:0005F2E0       AddPathToFile
 0001:000B9A00       AddPressure
 0001:000B857C       AddPressureBrick
 0001:00078314       Addr
 0001:000B76BC       AddRoot
 0001:0001384C       AddThread
 0001:000CD7B8       AddToMusc
 0001:000B36A4       AddToResult
 0001:00061670       AddUnique
 0001:0004E800       AdjustColors
 0001:00007338       AdjustLineBreaks
 0001:0004222C       Adjustment
 0001:0009F9B0       AdjustRect
 0001:00005B48       AdjustWindowRectEx
 0001:00093550       adler32
 0001:0005F6EC       After
 0001:00080220       AlignBit
 0002:000006F4       Alignments
 0002:00000AC0       Alignments
 0002:00000948       Alignments
 0002:00000704       Alignments
 0002:00000958       Alignments
 0002:00000694       Alignments
 0002:00000654       Alignments
 0002:00000C64       AlignStyles
 0001:00048BAC       AlignWork
 0001:00030680       AlignWork
 0001:00041C60       AllocateHWnd
 0001:000137BC       AllocateWindow
 0001:00050E30       AllocFilterStr
 0001:00007128       AllocMem
 0002:00006420       AllocMemCount
 0002:00006424       AllocMemSize
 0001:0001DC08       AllocPatternBitmap
 0001:0005F754       alog
 0001:0005FA1C       alphanum
 0002:00000754       AnchorAlign
 0001:00007290       AnsiCompareText
 0001:0000780C       AnsiLastChar
 0001:00005B50       AnsiLower
 0001:0000725C       AnsiLowerCase
 0001:0000AEF4       AnsiLowerCaseFileName
 0001:0000AEBC       AnsiPos
 0001:000072C8       AnsiStrLIComp
 0001:0000AF80       AnsiStrPos
 0001:0000B020       AnsiStrRScan
 0001:0000B048       AnsiStrScan
 0001:00003A68       AnyChangeType
 0001:0006031C       AppDirectory
 0001:00008730       AppendChars
 0001:00008AF8       AppendFormat
 0001:00008794       AppendNumber
 0001:00008774       AppendString
 0002:000017FC       AppExtensionList
 0002:000067B0       Application
 0001:000B86FC       ApplyConstraints
 0001:000C7914       ApplyXY
 0001:000C7E88       ApplyXYZ
 0001:000C7AE4       ApplyXZ
 0001:000C7CB8       ApplyYZ
 0002:00000AB0       AppVisible
 0001:0001E764       ArcTan2
 0001:000615B8       AreaSingle
 0001:00061540       AreaTriangle3D
 0001:0000A6AC       AssertErrorHandler
 0002:00006014       AssertErrorProc
 0001:0000CB38       AssignLongStr
 0001:000CD974       AssignMuscle
 0001:0000CCFC       AssignVariant
 0001:0000CB8C       AssignWideStr
 0002:00000CAC       ATickMarks
 0001:000BFBC0       AtomInPolygon
 0001:000C0134       AtomInPolygon
 0001:000B1AF0       AtomInRect
 0001:000B395C       AtomSelected
 0002:00006474       avail
 0002:0000511C       aValuew
 0002:00005110       aValuex
 0002:00005114       aValuey
 0002:00005118       aValuez
 0002:00010590       a_count
 0002:0000512C       b
 0001:00007A30       BackfillGetDiskFreeSpaceEx
 0001:0002E224       BackgroundClipped
 0001:0005CD2C       Bde
 0001:0005F684       Before
 0001:00005B58       BeginDeferWindowPos
 0001:0000E730       BeginGlobalLoading
 0001:00005B60       BeginPaint
 0001:00002B24       BeginThread
 0001:0004E11C       BevelLine
 0001:0004E02C       BevelRect
 0001:000A2290       BGShiftDlg
 0001:000058B8       BitBlt
 0002:00000BEC       BitBtnCaptions
 0002:00006844       BitBtnGlyphs
 0002:0000179C       BitBucketMask
 0002:000005FC       BitCounts
 0002:000005F4       BitmapCanvasList
 0002:00006650       BitmapImageLock
 0002:00005044       BitmapInfoHeader
 0001:000771E4       BitmapToPix
 0002:00005004       BitTable
 0002:00004FC0       BitTable
 0002:00000998       BlockCode
 0002:0000644C       blockDescBlockList
 0002:00006450       blockDescFreeList
 0001:0007948C       Blue
 0001:00060D68       Blue
 0001:0007E86C       BMP24_8
 0001:0007E85C       BMP24_8
 0002:000002E0       BooleanIdents
 0002:00000AB8       BorderStyles
 0002:00000A08       BorderStyles
 0002:0000064C       BorderStyles
 0001:0000E100       Bounds
 0002:000008F0       Breaks
 0002:00006688       BrushManager
 0001:0006446C       BuildColorMap
 0001:000A080C       BuildHeader
 0001:0003E024       BuildImage
 0001:000643C4       BuildPalette
 0002:00000B8C       ButtonCaptions
 0002:00000C1C       ButtonCount
 0002:00000B60       ButtonNames
 0002:0000096C       Buttons
 0001:00055074       Buttons
 0002:000006EC       ButtonStyles
 0002:00006810       ButtonWidths
 0001:00060444       ByteRange
 0001:0009B39C       BytesForPixels
 0001:00017C7C       BytesPerScanline
 0001:0009B390       ByteSwap
 0001:0009B394       ByteSwap16
 0001:00017FD4       ByteSwapColors
 0001:00080840       ByteSwapColors
 0001:0000ACBC       ByteToCharIndex
 0001:0000AC94       ByteToCharLen
 0001:0000AC58       ByteType
 0001:0000ABE0       ByteTypeTest
 0002:00001704       B_SCALE
 0002:0000515C       c
 0002:000106B0       C0_SCALE
 0002:000002EC       C10000
 0002:000106B4       C1_SCALE
 0002:000106B8       C2_SCALE
 0001:00041B9C       CalcJmpOffset
 0001:00037940       CalcSplitterPos
 0001:00005B68       CallNextHookEx
 0001:0000B578       CallTerminateProcs
 0001:00005B70       CallWindowProc
 0001:0002C958       CancelDrag
 0001:000894CC       CanMakeTransparent
 0001:0005F7F4       CanOverwrite
 0002:0000676C       CanvasList
 0002:0000668C       CanvasList
 0002:00000B38       Captions
 0002:0000080C       CaptureControl
 0002:0000690C       cbf
 0001:00050778       CenterWindow
 0002:0000671E       CF_COMPONENT
 0002:000106C4       CF_GIF
 0002:0000671C       CF_PICTURE
 0002:000063E8       ChangeAnyProc
 0001:0002B0D0       ChangeBiDiModeAlignment
 0001:0000788C       ChangeFileExt
 0001:000CC44C       ChangeNames
 0001:00003AD4       ChangeSourceAny
 0001:0005F34C       ChangeToExePath
 0002:000006D8       CharCases
 0002:00000674       CharCases
 0001:00005B78       CharLowerBuff
 0001:000162DC       CharsetToIdent
 0001:0000AD80       CharToByteIndex
 0001:0000ADE4       CharToByteLen
 0001:0007CBFC       char_out
 0001:00018974       CheckBool
 0001:00002304       CheckJmp
 0001:0005CC7C       CheckLst
 0001:00005B80       CheckMenuItem
 0001:000B27E4       CheckRigid
 0002:000008E0       Checks
 0001:000417A4       CheckTaskWindow
 0001:0002C688       CheckUndock
 0001:0004B4A8       ChooseColor
 0002:00010720       ChunkClasses
 0002:00006620       ClassAliasList
 0001:00014A0C       Classes
 0002:0000661C       ClassList
 0001:0000E128       ClassNotFound
 0002:000050A8       clCurMuscle
 0002:000050A0       clDefault
 0002:000063E4       ClearAnyProc
 0001:0008AF4C       ClearBackup
 0002:00010598       ClearCode
 0001:00015C54       ClearColor
 0002:00005074       ClearFlag
 0001:0007CEFC       ClearHistogram
 0002:0001058C       clear_flg
 0001:00005B88       ClientToScreen
 0001:00035340       ClientToWindow
 0001:00029088       Clipboard
 0002:000005EC       ClipboardFormats
 0001:000290E4       Clipbrd
 0002:00006908       ClipGas
 0001:00060D88       ClipRGB
 0002:000050A4       clMuscle
 0001:00005B90       CloseClipboard
 0001:00005698       CloseHandle
 0001:0000022C       CloseHandle
 0002:00005094       clSelected
 0002:00005098       clUnSelected
 0001:0007CAE0       cl_block
 0001:0007C7F4       cl_hash
 0002:0000602C       CmdLine
 0002:00006028       CmdShow
 0002:0000B758       codetab
 0001:0006249C       CoGPoly
 0002:000003BC       Colors
 0001:00080230       Colors2bpp
 0001:00078AEC       ColorToColor
 0001:000160D4       ColorToIdent
 0001:00078708       ColorToMono
 0001:000160C4       ColorToRGB
 0002:00004FA4       ColumnIncrement
 0002:00004F6C       ColumnStart
 0002:0000509C       colUnSelected
 0002:000006C4       ComboBoxStyles
 0002:00006698       ComCtl32DLL
 0001:0005B8C8       ComCtrls
 0002:000067A8       CommandPool
 0001:0001DFA0       Commctrl
 0001:0004B4E0       CommDlg
 0001:00000718       Commit
 0002:00006490       committedRoot
 0001:0003BA54       CompareFront
 0001:000071E8       CompareMem
 0001:000056A0       CompareString
 0001:00007208       CompareText
 0001:00011B60       ComponentCreated
 0001:0009B784       CompressZLIB
 0001:00018764       ComputeAldusChecksum
 0001:0007D614       compute_color
 0001:0007D77C       compute_color_Peter
 0001:00056D1C       ComStrs
 0001:0000C8E8       Consts
 0002:0000673A       ControlAtom
 0001:000384EC       Controls
 0001:0007E588       Convert256_3
 0001:0000A1F0       ConvertAddr
 0001:00008884       ConvertEraString
 0001:00007104       ConvertErrorFmt
 0001:000089F0       ConvertYearString
 0001:00003DC0       CopyArray
 0001:0001B088       CopyBitmap
 0001:0001B71C       CopyBitmapAsMask
 0001:000058C0       CopyEnhMetaFile
 0001:00005B98       CopyImage
 0001:00054E9C       CopyImage
 0001:00006098       CopyMemory
 0001:0009C27C       CopyPalette
 0001:0001B6B8       CopyPalette
 0001:0007EF30       CopyScanLineAsPf8bit
 0001:000C2454       CopyStrut
 0001:0000AD0C       CountChars
 0002:00006668       CounterLock
 0001:00078984       CovertHSLtoRGB
 0001:0007881C       CovertRGBtoHSL
 0002:00010724       crc_table
 0002:00010B24       crc_table_computed
 0001:0000A5F0       CreateAssertException
 0001:0000A7C8       CreateAVObject
 0001:000058C8       CreateBitmap
 0001:000058D0       CreateBrushIndirect
 0001:0009B510       CreateClassChunk
 0001:000058D8       CreateCompatibleBitmap
 0001:000058E0       CreateCompatibleDC
 0001:00011BE0       CreateComponent
 0001:000058F0       CreateDIBitmap
 0001:000058E8       CreateDIBSection
 0001:000056A8       CreateEvent
 0001:000056B0       CreateFile
 0001:00000234       CreateFileA
 0001:000058F8       CreateFontIndirect
 0001:00005900       CreateHalftonePalette
 0001:00005BA0       CreateIcon
 0001:0000A4E8       CreateInOutError
 0001:00005BA8       CreateMenu
 0001:000519A4       CreateMessageDialog
 0001:000831BC       CreateOptimizedPaletteFromSingleBitmap
 0001:00005908       CreatePalette
 0001:00005910       CreatePenIndirect
 0001:00005918       CreatePolyPolygonRgn
 0001:00005BB0       CreatePopupMenu
 0001:00005920       CreateRectRgn
 0001:00005928       CreateSolidBrush
 0001:0001802C       CreateSystemPalette
 0001:0000028C       CreateThread
 0001:000056B8       CreateThread
 0001:0000614C       CreateWindow
 0001:00005BB8       CreateWindowEx
 0002:00000750       CreationControl
 0002:00000ACC       CreationControl
 0001:000611DC       CrossProduct3D
 0002:000067D0       Ctl3DAutoSubclass
 0002:00000970       Ctl3DBtnWndProc
 0002:000067D8       Ctl3DColorChange
 0002:00000978       Ctl3DCtlColorEx
 0002:00000974       Ctl3DDlgFramePaint
 0002:000067BC       Ctl3DHandle
 0002:000067C0       Ctl3DRegister
 0002:00000848       Ctl3DStyles
 0002:000067C8       Ctl3DSubclassCtl
 0002:000067CC       Ctl3DSubclassDlg
 0002:000067D4       Ctl3DUnAutoSubclass
 0002:000067C4       Ctl3DUnregister
 0002:00006488       curAlloc
 0002:00005108       Curfilename
 0002:000064F8       CurrencyDecimals
 0002:000064F4       CurrencyFormat
 0002:000064F0       CurrencyString
 0001:0000871C       CurrentYear
 0001:000607D0       CursorInControl
 0002:00000A34       CursorMap
 0002:0000075C       Cursors
 0001:0002B37C       CursorToIdent
 0002:000105A0       cur_accum
 0002:000105A4       cur_bits
 0002:00000020       cwChop
 0001:00060DBC       DarkenColorEx
 0001:0005F190       DataToString
 0002:000064F9       DateSeparator
 0001:000092B8       DateTimeToStr
 0001:0000922C       DateTimeToString
 0001:000083C0       DateTimeToTimeStamp
 0001:00009288       DateToStr
 0001:000086F4       DayOfWeek
 0001:0005CFB8       Db
 0001:0005CD64       DbConsts
 0002:000003B8       DDBsOnly
 0001:00041D1C       DeallocateHWnd
 0002:00000008       DebugHook
 0002:000064F7       DecimalSeparator
 0001:000085D0       DecodeDate
 0001:00008470       DecodeTime
 0001:000007AC       Decommit
 0001:00000DC8       DecommitFree
 0002:00006464       decommittedRoot
 0001:0009B698       DecompressZLIB
 0001:00049608       Default
 0001:0004477C       Default
 0002:00000000       Default8087CW
 0002:000005BC       DefBrushData
 0001:00005BD8       DeferWindowPos
 0002:0000038C       DefFontData
 0001:00005BC0       DefFrameProc
 0001:00093E80       deflate
 0001:000946F4       deflateEnd
 0001:00093858       deflateInit_
 0002:000001E0       DefLongDayNames
 0002:00000194       DefLongMonthNames
 0001:00005BC8       DefMDIChildProc
 0002:0000059C       DefPenData
 0002:000001C4       DefShortDayNames
 0002:00000164       DefShortMonthNames
 0001:00005BD0       DefWindowProc
 0001:000B7328       DelAtomInPolygon
 0001:000B7288       DeleteAtoms2
 0001:00000468       DeleteBlock
 0001:000003D8       DeleteCriticalSection
 0001:000056C0       DeleteCriticalSection
 0001:00005930       DeleteDC
 0001:00005938       DeleteEnhMetaFile
 0001:0000023C       DeleteFileA
 0001:00000C10       DeleteFree
 0001:00005BE0       DeleteMenu
 0001:00005940       DeleteObject
 0001:000B73BC       DeletePolygonContainingAtom
 0001:000BF72C       DeletePolyhedronsContainingPolygon
 0001:0001AC4C       DeselectBitmap
 0002:000106CC       DesktopDC
 0001:00005BE8       DestroyCursor
 0001:00005BF0       DestroyIcon
 0001:00054FA4       DestroyLocals
 0001:00005BF8       DestroyMenu
 0001:00005C00       DestroyWindow
 0001:000A08A0       DetectPixelFormat
 0001:00050810       DialogHook
 0002:00000B24       DialogOptions
 0001:000521DC       Dialogs
 0002:000005F8       DIBPalSizes
 0002:0000004C       dig
 0001:0005FA38       digit
 0001:000415F8       DisableTaskWindows
 0001:00005C08       DispatchMessage
 0001:000478BC       DispatchShortCut
 0001:000AA9C0       Dist
 0001:0006133C       Dist3D
 0001:00060954       DistPointToLine
 0001:000A66DC       DistPointToPlane
 0001:000608FC       DistPointToPoint
 0001:000070E8       DivMod
 0002:00010B30       dlgBGShift
 0002:000106E4       dlgEditStrut
 0002:000106EC       dlgEMA
 0002:000106FC       dlgImportImages
 0002:00010B28       dlgImportNodes
 0002:000106DC       dlgMass
 0002:000106F4       dlgMovie
 0002:00006900       dlgOptions
 0002:0001070C       dlgRoof
 0001:0004FF38       Dlgs
 0001:00030520       DoAlign
 0001:00048A5C       DoAlign
 0002:0000173C       DoAutoDither
 0001:00034344       DoCalcConstraints
 0002:00006764       DockSiteList
 0001:0003DE38       DoClick
 0001:00031948       DoControlMsg
 0001:0008307C       doCreateOptimizedPaletteFromSingleBitmap
 0001:000415A8       DoDisableWindow
 0001:0002BFAC       DoDragOver
 0001:00008508       DoEncodeDate
 0001:00008400       DoEncodeTime
 0001:00007148       DoExitProc
 0001:00035EA0       DoFindControlZone
 0001:000416E4       DoFindWindow
 0001:00036404       DoFindZone
 0001:00035F24       DoForEach
 0001:00037798       DoGetNextLimit
 0001:00041570       DoneApplication
 0001:00038314       DoneControls
 0001:00041A90       DoneCtl3D
 0001:0000AB1C       DoneExceptions
 0001:00045EAC       DoNestedActivation
 0001:000302B4       DoPosition
 0001:000488AC       DoPosition
 0001:00036E18       DoPrune
 0001:0004D784       DoRect
 0001:000372C8       DoSaveZone
 0001:000374CC       DoSetNewBounds
 0001:00061238       DotProduct3D
 0002:000002E8       DotSep
 0001:000604A8       DoubleMin
 0002:00000C20       DownStyles
 0001:0000F5E8       DoWrite
 0001:0002F114       DoWrite
 0001:00018BCC       DoWrite
 0001:00019DCC       DoWrite
 0001:0003A6CC       DoWrite
 0001:0005CFC0       DragAcceptFiles
 0002:00006748       DragCapture
 0002:0000673C       DragControl
 0001:0002C6F8       DragDone
 0001:0002BF5C       DragFindTarget
 0001:0002BF30       DragFindWindow
 0001:0005CFC8       DragFinish
 0002:00006744       DragFreeObject
 0002:00006760       DragImageList
 0001:0002C350       DragInit
 0001:0002C4C0       DragInitControl
 0001:0002BEB4       DragMessage
 0002:00006740       DragObject
 0001:0005CFD0       DragQueryFile
 0002:00006754       DragSaveCursor
 0002:0000674C       DragStartPos
 0002:00006758       DragThreshold
 0001:0002C07C       DragTo
 0001:00049644       DrawAppIcon
 0001:00060E64       DrawArrow
 0001:000A7754       DrawAtomForces
 0001:000A5940       DrawAtoms
 0001:000AD5E8       DrawAtoms
 0001:000AFE54       DrawAxes
 0001:000AF244       DrawBase
 0001:000A53A4       DrawCentreAxes
 0001:00061014       DrawCircleFilled
 0001:00036A5C       DrawCloseBtn
 0001:00005C10       DrawEdge
 0001:000A5E44       DrawEPGTop
 0001:00005C18       DrawFocusRect
 0001:000A750C       DrawForce
 0001:00005C20       DrawFrameControl
 0001:000A5B8C       DrawGaps
 0001:00036970       DrawGrabber
 0001:00005C28       DrawIcon
 0001:000A55F0       DrawingSection
 0002:00000880       DrawingStyles
 0001:000A6AAC       DrawIntersectTriangle
 0001:000A68D4       DrawIntesectLines
 0001:000ADA50       DrawLine3DSym
 0001:00005C30       DrawMenuBar
 0001:0008839C       DrawMetafile
 0001:000A5644       DrawOneAtom
 0001:000A6118       DrawOneRoofPoint
 0001:000A6B48       DrawPolygon
 0001:000AEC50       DrawPolygons
 0001:000A79A4       DrawPolygons
 0001:000A61E0       DrawRoof
 0001:000AD870       DrawRoof
 0001:000A7CB4       DrawRoofSection
 0001:000AD4A8       DrawRubberBand
 0001:000A526C       DrawRubberBand
 0001:000AF340       DrawSection
 0001:000A8778       DrawSectionBG
 0001:000A5320       DrawSelectionBox
 0001:000AD54C       DrawSelectionBox
 0001:000A6488       DrawSpheroids
 0001:000ADD24       DrawSpheroids
 0001:00061094       DrawSquareFilled
 0001:000A7824       DrawStrutForces
 0001:000A634C       DrawStruts
 0001:000ADBF4       DrawStruts
 0001:000A8354       DrawSymmetry
 0001:000AF9D8       DrawSymmetry
 0001:00005C38       DrawText
 0001:0008D7CC       DrawTile
 0001:0009B054       DrawTransparentBitmap
 0001:000A7BD4       DrawTrianContour
 0001:000A7A80       DrawTrianContour2
 0001:000A86A0       DrawZoom
 0001:000B0098       DrawZoomRotate
 0001:000A946C       DrawZoomRotate
 0002:000106D0       DummyThread
 0001:00017AFC       DupBits
 0001:00003DD8       DynArrayClear
 0001:00003DE0       DynArraySetLength
 0002:00000950       EdgeStyle
 0002:00000838       EdgeStyles
 0001:0008E92C       EditStrut
 0001:0000A4BC       EHeapException.FreeInstance
 0001:00005948       Ellipse
 0001:00090DA4       EMAdlg
 0001:00063A70       EmitMessage
 0002:00000690       Empty
 0001:00005C40       EmptyClipboard
 0002:00006410       EmptyParam
 0002:0000164C       EmptyPix
 0002:000000B8       EmptyStr
 0001:00005C48       EnableMenuItem
 0002:000008E8       Enables
 0001:00005C50       EnableScrollBar
 0001:000416AC       EnableTaskWindows
 0001:00005C58       EnableWindow
 0001:00005C60       EndDeferWindowPos
 0001:0000E7C8       EndGlobalLoading
 0001:00005C68       EndPaint
 0001:00002B68       EndThread
 0001:000003C8       EnterCriticalSection
 0001:000056C8       EnterCriticalSection
 0001:000056D0       EnumCalendarInfoA
 0001:00005C70       EnumClipboardFormats
 0002:000066BC       EnumDisplayMonitors
 0001:00009E8C       EnumEraNames
 0001:00009EC8       EnumEraYearOffsets
 0001:00005950       EnumFontFamiliesEx
 0001:00005958       EnumFonts
 0001:00047EEC       EnumFontsProc
 0001:00047F84       EnumMonitorsProc
 0001:00004338       EnumResourceModules
 0001:0000755C       EnumStringModules
 0001:00005C78       EnumThreadWindows
 0001:000115A4       EnumValue
 0001:00005C80       EnumWindows
 0002:0001059C       EOFCode
 0001:00005C88       EqualRect
 0002:000065BC       EraNames
 0001:00009524       EraToYear
 0002:000065D8       EraYearOffsets
 0002:00000044       errCaption
 0001:0000178C       Error
 0001:000801C8       Error
 0001:00010EA0       Error
 0001:0003B750       Error
 0001:000176C0       Error
 0002:0000603C       ErrorAddr
 0001:0000A5AC       ErrorHandler
 0002:000001FC       ErrorMap
 0002:00006004       ErrorProc
 0001:0000A1D8       ExceptAddr
 0002:00006008       ExceptClsProc
 0001:0000AA48       ExceptHandler
 0001:0000A400       Exception.Create
 0001:0000A43C       Exception.CreateFmt
 0002:00006010       ExceptionClass
 0001:0000A1FC       ExceptionErrorMessage
 0002:00000234       ExceptMap
 0001:0000A1C0       ExceptObject
 0002:0000600C       ExceptObjProc
 0002:00006000       ExceptProc
 0001:00005960       ExcludeClipRect
 0002:00005128       executing
 0002:0000510C       executing
 0002:000016F0       executing
 0002:00006034       ExitCode
 0001:0000296C       ExitDll
 0002:00006038       ExitProc
 0001:0000029C       ExitProcess
 0002:0000012C       ExitProcList
 0001:00000294       ExitThread
 0001:00050B14       ExplorerHook
 0001:0004FF00       ExtCtrls
 0001:0007B8C4       ExtDlgs
 0001:000C1D00       Extend
 0001:000C1F3C       ExtendOffAxis
 0001:000C1EB4       ExtendOnAxis
 0002:00000730       ExtendSelects
 0002:000017E0       ExtensionList
 0001:00007954       ExtractFileDir
 0001:000079E8       ExtractFileExt
 0001:00051098       ExtractFileName
 0001:000079B0       ExtractFileName
 0001:000510E0       ExtractFileNames
 0001:00007920       ExtractFilePath
 0001:00005968       ExtTextOut
 0002:00006894       FCheckHeight
 0002:00006890       FCheckWidth
 0002:00006724       FClipboard
 0002:00000CB8       FieldTypeNames
 0001:000076AC       FileAge
 0001:000076A4       FileClose
 0001:0000761C       FileCreate
 0001:00007714       FileExists
 0002:000005F0       FileFormats
 0002:00006046       FileMode
 0001:000075DC       FileOpen
 0001:00007640       FileRead
 0002:000002F0       FilerSignature
 0001:00007698       FileSeek
 0001:000056D8       FileTimeToDosDateTime
 0001:000056E0       FileTimeToLocalFileTime
 0001:0000766C       FileWrite
 0001:00000CF8       FillAfterGap
 0001:00000CA4       FillBeforeGap
 0001:00000D90       FillerSizeAfterGap
 0001:00000D20       FillerSizeBeforeGap
 0001:00060538       FillPoly
 0001:000A7208       FillPolyhedra
 0001:00005C90       FillRect
 0001:00005970       FillRgn
 0002:00000C28       FillStyles
 0001:0007DE58       fill_inverse_cmap
 0001:0005CFD8       Finalization
 0001:0008E8FC       Finalization
 0001:0004FED0       Finalization
 0001:00079890       Finalization
 0001:0008DEF0       Finalization
 0001:00006590       Finalization
 0001:0005D010       Finalization
 0001:0007AD0C       Finalization
 0001:0007B894       Finalization
 0001:0007C7B0       Finalization
 0001:00005648       Finalization
 0001:000062B0       Finalization
 0001:00014960       Finalization
 0001:00052180       Finalization
 0001:0003AC88       Finalization
 0001:00052E8C       Finalization
 0001:00090D74       Finalization
 0001:0007CEC4       Finalization
 0001:00028A04       Finalization
 0001:000290A8       Finalization
 0001:000CFBF4       Finalization
 0001:00029260       Finalization
 0001:000053AC       Finalization
 0001:00076EDC       Finalization
 0001:0007E73C       Finalization
 0001:0004B424       Finalization
 0001:0007EA20       Finalization
 0001:000CFB5C       Finalization
 0001:0008E42C       Finalization
 0001:0008E1F0       Finalization
 0001:0001DC40       Finalization
 0001:0005CF70       Finalization
 0001:0007F1B0       Finalization
 0001:0001EC90       Finalization
 0001:0004FF08       Finalization
 0001:0003F15C       Finalization
 0001:0000C8B8       Finalization
 0001:0005503C       Finalization
 0001:0000C4A8       Finalization
 0001:0000C2D4       Finalization
 0001:0006377C       Finalization
 0001:0006372C       Finalization
 0001:00063404       Finalization
 0001:00006278       Finalization
 0001:0005D048       Finalization
 0001:000392F4       Finalization
 0001:00038498       Finalization
 0001:00056C04       Finalization
 0001:00056C3C       Finalization
 0001:0001DF70       Finalization
 0001:0009A1A8       Finalization
 0001:00062C1C       Finalization
 0001:00056C74       Finalization
 0001:00056CEC       Finalization
 0001:0005D080       Finalization
 0001:0004B4B0       Finalization
 0001:0005B864       Finalization
 0001:0005D0B8       Finalization
 0001:000A2260       Finalization
 0001:0005CD34       Finalization
 0001:0005B8D8       Finalization
 0001:0005EEA0       Finalization
 0001:000A1DFC       Finalization
 0001:0005EED8       Finalization
 0001:0005CCFC       Finalization
 0001:0005CC4C       Finalization
 0001:0005CC8C       Finalization
 0001:00091574       Finalization
 0001:000A18D0       Finalization
 0001:0001E96C       Finalization
 0001:0001E934       Finalization
 0001:0005CCC4       Finalization
 0001:0009A270       Finalization
 0001:0001E6EC       Finalization
 0001:0001E72C       Finalization
 0001:0001E8FC       Finalization
 0001:00093454       Finalization
 0001:00092E7C       Finalization
 0001:00093014       Finalization
 0001:0000CD88       Finalization
 0001:00003DD0       FinalizeArray
 0001:0003DC7C       Find
 0001:0000E25C       FindClass
 0001:00004114       FindClassHInstance
 0001:000056E8       FindClose
 0001:000077FC       FindClose
 0001:00000C74       FindCommitted
 0001:0002B19C       FindControl
 0001:0003660C       FindControlAtPos
 0001:0002C9A4       FindDragTarget
 0001:00011CD0       FindExistingComponent
 0001:0000E27C       FindFieldClass
 0001:00007788       FindFirst
 0001:000056F0       FindFirstFile
 0001:000417F0       FindGlobalComponent
 0002:00006614       FindGlobalComponent
 0001:000040EC       FindHInstance
 0001:00007724       FindMatchingFile
 0002:00006808       FindMsg
 0001:000BFE90       Findname
 0001:000077D8       FindNext
 0001:000056F8       FindNextFile
 0001:000C4394       FindPolygon
 0001:0003B720       FindPopupControl
 0001:00005700       FindResource
 0001:0000411C       FindResourceHInstance
 0001:0004ADE4       FindScanline
 0001:00007584       FindStringResource
 0001:00041748       FindTopMostWindow
 0001:00012C54       FindUniqueName
 0001:0002C970       FindVCLWindow
 0001:00005C98       FindWindow
 0001:0007DC54       find_best_colors
 0001:0007D004       find_biggest_color_pop
 0001:0007D02C       find_biggest_volume
 0001:0007D96C       find_nearby_colors
 0001:000027F0       FInitUnits
 0001:0008B4C8       FireEvent
 0002:000050F8       first
 0001:0005F018       FixedPointStr
 0001:0001B03C       FixupBitFields
 0001:000B4ABC       FixupMuscles
 0002:00000960       Flags
 0001:0001ECC0       FlatSB
 0002:000066E4       FlatSB_EnableScrollBar
 0002:000066F0       FlatSB_GetScrollInfo
 0002:000066F4       FlatSB_GetScrollPos
 0002:000066EC       FlatSB_GetScrollRange
 0002:000066FC       FlatSB_SetScrollInfo
 0002:000066F8       FlatSB_SetScrollPos
 0001:0001E9B0       FlatSB_SetScrollProp
 0002:00006700       FlatSB_SetScrollRange
 0002:000066E8       FlatSB_ShowScrollBar
 0001:0000BFE2       FloatToDecimal
 0001:000082DC       FloatToStr
 0001:0000830C       FloatToStrF
 0001:0000BA46       FloatToText
 0001:0000BD0F       FloatToTextFmt
 0001:0001E774       Floor
 0001:0007CC24       flush_char
 0002:00010704       fmHelp
 0002:00000158       FMSecsPerDay
 0001:00008214       FmtStr
 0002:00000D48       fMyIniFile
 0001:0005E93C       fnum
 0002:00000984       FocusCount
 0002:00000980       FocusMessages
 0002:0000050C       FontCharsets
 0002:00006680       FontManager
 0001:000417C4       ForegroundTask
 0002:00010B38       Form1
 0001:00008200       Format
 0002:00000160       Format
 0001:00007DA0       FormatBuf
 0001:00007D94       FormatClearStr
 0001:00007D28       FormatError
 0002:00000150       FormatErrorStrs
 0001:00063A78       FormatMessage
 0001:00005708       FormatMessage
 0001:00007D80       FormatVarToStr
 0001:0004B478       Forms
 0001:00004E50       FPower10
 0002:00000648       FPrinter
 0001:0004D848       Frame3D
 0001:00005CA0       FrameRect
 0001:0009B464       FreeChunkClassList
 0001:000009E0       FreeCommitted
 0001:00000EE8       FreeCurAlloc
 0001:0002CA60       FreeDeviceContext
 0001:0002CB1C       FreeDeviceContexts
 0001:000148EC       FreeIntConstList
 0001:00005710       FreeLibrary
 0001:000002AC       FreeLibrary
 0001:0007E554       FreeMemHist
 0001:0001ABA0       FreeMemoryContexts
 0001:00041C3C       FreeObjectInstance
 0001:00005718       FreeResource
 0001:00000660       FreeSpace
 0001:0000B594       FreeTerminateProcs
 0001:000136F0       FreeThreadWindow
 0002:00010588       free_ent
 0002:00000D40       fSkipBlanks
 0002:00000D3C       fSkipComments
 0002:00000D44       fSkipSlashStar
 0001:0005EED0       FSpin
 0001:0008E22C       FTGifAnimate
 0001:000AABCC       Furthest
 0002:00006904       GasConst
 0001:000800E0       GDICheck
 0001:00017AEC       GDICheck
 0001:00017A44       GDIError
 0001:00005978       GdiFlush
 0001:00005CA8       GetActiveWindow
 0001:00048F1C       GetAnimation
 0001:0008A1C8       GetAppExtensionList
 0001:000516C4       GetAveCharSize
 0001:00005980       GetBitmapBits
 0001:000003E0       GetBlockDesc
 0001:00005988       GetBrushOrgEx
 0001:0000611C       GetBValue
 0001:000A0E3C       GetByteArrayPixel
 0001:00005CB0       GetCapture
 0001:0002B424       GetCaptureControl
 0001:0005C23C       GetCheckSize
 0001:0000E1AC       GetClass
 0001:00005CB8       GetClassInfo
 0001:00005CC0       GetClientRect
 0001:00005CC8       GetClipboardData
 0001:000196C4       GetClipboardFormats
 0001:00005990       GetClipBox
 0001:00005998       GetClipRgn
 0001:0000037C       GetCmdShow
 0001:000394F4       GetColor
 0001:000002B4       GetCommandLine
 0001:0000082C       GetCommitted
 0001:000008BC       GetCommittedAt
 0001:000087E0       GetCount
 0001:00005720       GetCPInfo
 0001:000059A0       GetCurrentPositionEx
 0001:00005728       GetCurrentProcessId
 0001:000045C8       GetCurrentThreadId
 0001:00005730       GetCurrentThreadId
 0001:00006090       GetCurrentTime
 0001:00005CD0       GetCursor
 0001:0004ADF4       GetCursorHeightMargin
 0001:00005CD8       GetCursorPos
 0001:00051450       GetCustomColorsArray
 0001:0000880C       GetDate
 0001:00005738       GetDateFormat
 0001:00009448       GetDateOrder
 0001:00005CE0       GetDC
 0001:00005CE8       GetDCEx
 0001:000059A8       GetDCOrgEx
 0001:0001D84C       GetDefFontCharSet
 0001:00005CF0       GetDesktopWindow
 0001:000059C0       GetDeviceCaps
 0001:0001895C       GetDIB
 0001:000059B0       GetDIBColorTable
 0001:000059B8       GetDIBits
 0001:000188A4       GetDIBSizes
 0001:00017C5C       GetDInColors
 0001:00005740       GetDiskFreeSpaceA
 0002:00000128       GetDiskFreeSpaceEx
 0001:00005CF8       GetDlgItem
 0001:00037858       GetDockAlign
 0001:0002BD04       GetDockSiteAtPos
 0001:00005D00       GetDoubleClickTime
 0001:0002BFE8       GetDropCtl
 0001:000020C8       GetDynaMethod
 0001:000059C8       GetEnhMetaFileBits
 0001:000059D0       GetEnhMetaFileHeader
 0001:000059D8       GetEnhMetaFilePaletteEntries
 0001:0000C928       GetEnumValue
 0001:00009F10       GetEraNamesAndYearOffsets
 0001:000094D0       GetEraYearOffset
 0001:0000A7B4       GetExceptionClass
 0001:0000A97C       GetExceptionObject
 0001:00005748       GetExitCodeThread
 0001:00089A48       GetExtensionList
 0001:0000E11C       GetFieldClassTable
 0001:00005750       GetFileAttributes
 0001:000196A4       GetFileFormats
 0001:0000024C       GetFileSize
 0001:00000244       GetFileType
 0001:00005D08       GetFocus
 0001:000162FC       GetFontData
 0001:00005D10       GetForegroundWindow
 0001:0000B140       GetFormatSettings
 0001:000A1160       GetGrayLinePixel
 0001:00006118       GetGValue
 0001:00015950       GetHashCode
 0001:00048D08       GetHint
 0001:00048D38       GetHintControl
 0001:00005D18       GetIconInfo
 0001:00005D30       GetKeyboardLayout
 0001:00005D38       GetKeyboardLayoutList
 0001:00005D40       GetKeyboardState
 0001:00001D54       GetKeyboardType
 0001:00005D20       GetKeyNameText
 0001:00005D28       GetKeyState
 0001:00005D48       GetLastActivePopup
 0001:00005758       GetLastError
 0001:000002BC       GetLastError
 0001:00009D0C       GetLocaleChar
 0001:000002C4       GetLocaleInfo
 0001:00005768       GetLocaleInfo
 0001:00009CC0       GetLocaleStr
 0001:00005760       GetLocalTime
 0001:0002B3E0       GetLongHint
 0001:0007E4F8       GetMemHist
 0001:00005D50       GetMenu
 0001:0003E828       GetMenuFont
 0001:000441BC       GetMenuFont
 0001:00046820       GetMenuHelpContext
 0001:00005D58       GetMenuItemCount
 0001:00005D60       GetMenuItemID
 0001:00005D68       GetMenuItemInfo
 0001:0003CE38       GetMenuSize
 0001:00005D70       GetMenuState
 0001:00005D78       GetMenuString
 0001:00005770       GetModuleFileName
 0001:0000550C       GetModuleFileName
 0001:000002CC       GetModuleFileName
 0001:00005778       GetModuleHandle
 0001:00005514       GetModuleHandle
 0002:000066B8       GetMonitorInfo
 0002:000066B0       GetMonitorInfoA
 0002:000066B4       GetMonitorInfoW
 0001:00009D70       GetMonthDayNames
 0001:000059E0       GetNearestPaletteIndex
 0001:00005D80       GetNextWindow
 0001:000059E8       GetObject
 0001:000059F0       GetObjectType
 0001:0004B498       GetOpenFileName
 0001:0000C9E0       GetOrdProp
 0001:000059F8       GetPaletteEntries
 0001:000018CC       GetParamStr
 0001:00005D88       GetParent
 0001:00041EC0       GetParentForm
 0001:000C1224       GetPix
 0001:000C1360       GetPix
 0001:00005A00       GetPixel
 0001:000779E0       GetPixelDepth
 0001:00080490       GetPixelFormat
 0001:00005780       GetPrivateProfileString
 0001:00005788       GetProcAddress
 0001:00005D90       GetProp
 0001:0000C974       GetPropInfo
 0001:00042340       GetRealScrollPosition
 0001:000394D4       GetRGBColor
 0001:000A10C4       GetRGBLinePixel
 0001:00006114       GetRValue
 0001:0004B4A0       GetSaveFileName
 0001:00005D98       GetScrollInfo
 0001:00005DA0       GetScrollPos
 0001:00005DA8       GetScrollRange
 0001:0002B39C       GetShortHint
 0001:00000584       GetSpace
 0001:000005E8       GetSpaceAt
 0001:0003B7E8       GetSpecialName
 0001:000002D4       GetStartupInfo
 0001:00000254       GetStdHandle
 0001:00005A08       GetStockObject
 0001:00005DB0       GetSubMenu
 0001:00005DB8       GetSysColor
 0001:00005790       GetSystemInfo
 0001:00005DC0       GetSystemMenu
 0002:000066A0       GetSystemMetrics
 0001:00005DC8       GetSystemMetrics
 0001:00005A10       GetSystemPaletteEntries
 0001:00005A18       GetTextExtentPoint
 0001:00005A20       GetTextMetrics
 0001:00005798       GetThreadLocale
 0001:000002DC       GetThreadLocale
 0001:000057A0       GetTickCount
 0001:00008844       GetTime
 0001:00049418       GetTopMostWindows
 0001:0002B548       GetTopParent
 0001:00005DD0       GetTopWindow
 0001:00089520       GetTransparentColorIndex
 0001:0000C91C       GetTypeData
 0001:000057A8       GetVersion
 0001:000057B0       GetVersionEx
 0001:00005DD8       GetWindow
 0001:00005DE0       GetWindowDC
 0001:00005DE8       GetWindowLong
 0001:00005A30       GetWindowOrgEx
 0001:00005DF0       GetWindowPlacement
 0001:00005DF8       GetWindowRect
 0001:00005E00       GetWindowRgn
 0001:00005E08       GetWindowText
 0001:00005E10       GetWindowThreadProcessId
 0001:00005A28       GetWinMetaFileBits
 0001:0007F1F0       GIF
 0002:000106D8       GIF
 0001:0007C7E0       GIF24
 0001:0008E0A8       GifAnimateAddImage
 0001:0008E184       GifAnimateBegin
 0001:0008E1BC       GifAnimateEndGif
 0002:0000170C       GIFDefaultDelay
 0002:00001708       GIFDelayExp
 0001:0008DF58       GIFImage
 0002:00001738       GIFImageDefaultAnimationSpeed
 0002:00001724       GIFImageDefaultColorReduction
 0002:00001728       GIFImageDefaultColorReductionBits
 0002:00001730       GIFImageDefaultCompression
 0002:0000172C       GIFImageDefaultDitherMode
 0002:00001720       GIFImageDefaultDrawOptions
 0002:00001734       GIFImageDefaultThreadPriority
 0002:00001748       GIFImageOptimizeOnStream
 0002:00001744       GIFImageRenderOnLoad
 0002:00001714       GIFMaximumDelay
 0002:00001710       GIFMinimumDelay
 0002:00001718       GIFVersions
 0001:0007CC54       GIFwr
 0001:0007CC80       GIFwr
 0001:0007CEF4       GifWrite
 0001:000057B8       GlobalAddAtom
 0001:000057C0       GlobalAlloc
 0001:000060AC       GlobalAllocPtr
 0001:000057C8       GlobalDeleteAtom
 0002:00006628       GlobalFixupList
 0001:000111DC       GlobalFixupReferences
 0001:000057D0       GlobalFree
 0001:000060D8       GlobalFreePtr
 0001:000057E0       GlobalHandle
 0001:000057D8       GlobalLock
 0002:00006610       GlobalNameSpace
 0001:000057E8       GlobalReAlloc
 0001:000060BC       GlobalReAllocPtr
 0001:000057F0       GlobalSize
 0001:000057F8       GlobalUnlock
 0002:00000C18       GlyphCache
 0001:0007E76C       graph41
 0001:0007EA50       graph42
 0001:0001D7C4       GraphicFilter
 0001:0001DD14       Graphics
 0001:00083224       GrayScalePalette
 0001:00060D48       Green
 0001:0007947C       Green
 0001:0005CCF4       Grids
 0002:00010594       g_init_bits
 0002:00001700       G_SCALE
 0001:00012300       HandleException
 0001:000B6B10       HasDup
 0001:00085638       HashKey
 0001:00023E30       HasPopup
 0001:000B3904       HasSelectedStrut
 0002:00000004       HeapAllocFlags
 0002:00006430       heapErrorCode
 0002:00006434       heapLock
 0001:00093044       HelpFm
 0002:00006804       HelpMsg
 0002:00000124       HexDisplayPrefix
 0001:00006088       HiByte
 0002:00000680       HideSelections
 0002:000064D8       HInstance
 0002:000067E8       HintDoneEvent
 0001:00048E08       HintGetMsgHook
 0002:000067EC       HintHook
 0001:00048DAC       HintMouseThread
 0002:000067F0       HintThread
 0002:000067E4       HintThreadID
 0001:00048D58       HintTimerProc
 0002:0000097C       HintWindowClass
 0001:00006084       HiWord
 0002:0000680C       HookCtl3D
 0001:00048E4C       HookHintHooks
 0001:0007EC30       hPAL_PAL
 0001:000794E0       HSLtoRGB
 0001:00079650       HSLtoRGB2
 0002:00006928       htab
 0001:000795CC       hue2rgb
 0001:00006180       HwndMSWheel
 0002:00000904       IBreaks
 0002:00000910       IChecks
 0002:00000B4C       IconIDs
 0002:00005000       IDATHeader
 0002:00000918       IDefaults
 0001:000162EC       IdentToCharset
 0001:000160E4       IdentToColor
 0001:0002B38C       IdentToCursor
 0001:0000E624       IdentToInt
 0002:00000920       IEnables
 0001:0001DEC4       ImageList_Add
 0001:0001DEE4       ImageList_AddIcon
 0001:0001DF10       ImageList_BeginDrag
 0001:0001DEAC       ImageList_Create
 0001:0001DEB4       ImageList_Destroy
 0001:0001DF20       ImageList_DragEnter
 0001:0001DF28       ImageList_DragLeave
 0001:0001DF30       ImageList_DragMove
 0001:0001DF40       ImageList_DragShowNolock
 0001:0001DEF0       ImageList_Draw
 0001:0001DF00       ImageList_DrawEx
 0001:0001DF18       ImageList_EndDrag
 0001:0001DEDC       ImageList_GetBkColor
 0001:0001DF48       ImageList_GetDragImage
 0001:0001DF60       ImageList_GetIconSize
 0001:0001DEBC       ImageList_GetImageCount
 0001:0001DF50       ImageList_Read
 0001:0001DF08       ImageList_Remove
 0001:0001DEF8       ImageList_Replace
 0001:0001DECC       ImageList_ReplaceIcon
 0001:0001DED4       ImageList_SetBkColor
 0001:0001DF38       ImageList_SetDragCursorImage
 0001:0001DF68       ImageList_SetIconSize
 0001:0001DF58       ImageList_Write
 0002:00000890       Images
 0001:0007E614       IMG24_8
 0001:0003ACB8       ImgList
 0001:0001E75C       Imm
 0002:0000086C       IMM32DLL
 0001:00038300       Imm32IsIME
 0001:00087E58       Import1Bit
 0001:00087FA8       Import24Bit
 0001:00087D18       Import4Bit
 0001:00087BB0       Import8Bit
 0001:00092EAC       ImportImagesdlg
 0001:000A1E2C       ImportNodesDlg
 0001:00088164       ImportViaDraw
 0002:0000015C       IMSecsPerDay
 0001:000C4324       InArray
 0001:0003B768       IndexError
 0001:00095DA0       inflate
 0001:0009726C       inflateEnd
 0001:00095C6C       inflateInit_
 0001:00005E18       InflateRect
 0001:00095ADC       inflateReset
 0001:00052ED4       IniFiles
 0001:00063434       IniIO
 0001:00000A6C       InitAllocator
 0001:0001DFA8       InitAnApi
 0002:000066C8       InitApis
 0001:0001DE18       InitComCtl
 0001:00058ECC       InitCommonControl
 0001:0001DE10       InitCommonControls
 0001:0001DE78       InitCommonControlsEx
 0001:0000E848       InitComponent
 0002:000064A0       InitContext
 0001:00038388       InitControls
 0001:00041868       InitCtl3D
 0001:00063D48       InitDecompressor
 0001:00064D68       InitDefaults
 0001:0001D890       InitDefFontData
 0001:0000B5B4       InitDriveSpacePtr
 0001:0000AA58       InitExceptions
 0001:0001EA0C       InitFlatSB
 0001:0005202C       InitGlobals
 0001:0001877C       InitializeBitmapInfoHeader
 0001:000003C0       InitializeCriticalSection
 0001:00005800       InitializeCriticalSection
 0002:0000642C       initialized
 0001:0001E9E4       InitializeFlatSB
 0001:000055C8       InitializeModule
 0001:00037FA4       InitIMM32
 0001:0000E8F0       InitInheritedComponent
 0001:0001E680       InitMultiMonStubs
 0001:0000AB88       InitPlatformId
 0002:00006030       InitProc
 0001:0001D814       InitScreenLogPixels
 0001:0000B088       InitSysLocale
 0001:00005534       InitThreadTLS
 0001:00002850       InitUnits
 0001:0002B0E4       InitWndProc
 0001:0007E05C       init_error_limit
 0002:00000818       InnerStyles
 0002:0000604C       Input
 0001:00062260       InputBox
 0001:0006277C       InputComboQueryEx
 0001:00061908       InputNumberQuery4
 0001:00061F68       InputQuery
 0001:00060424       InRange
 0001:00060400       InRealRange
 0001:000C7720       InRigid
 0001:00030254       InsertBefore
 0001:0004884C       InsertBefore
 0001:00000E60       InsertFree
 0001:00005E20       InsertMenu
 0001:00005E28       InsertMenuItem
 0001:000C5778       InsideSphere
 0002:000067DC       InstBlockList
 0002:000067E0       InstFreeList
 0002:00006624       IntConstList
 0002:00000738       IntegralHeights
 0001:00000374       InterlockedDecrement
 0001:0000036C       InterlockedIncrement
 0001:000158DC       InternalDeletePalette
 0001:00000CD4       InternalFreeMem
 0001:000188AC       InternalGetDIB
 0001:00018854       InternalGetDIBSizes
 0001:0000E6A8       InternalReadComponentRes
 0001:000BE6B8       Interpolate
 0001:00005A38       IntersectClipRect
 0001:000A6740       IntersectionOfLineAndPlane
 0001:00005E30       IntersectRect
 0001:000603B4       IntMax
 0001:00060368       IntMin
 0001:00060434       IntRange
 0001:0000E664       IntToIdent
 0001:00007468       IntToStr
 0001:00007498       IntToStr
 0001:00005E38       InvalidateRect
 0001:00017918       InvalidBitmap
 0001:00017900       InvalidGraphic
 0001:00017960       InvalidIcon
 0001:000179A8       InvalidMetafile
 0001:000639E4       InvalidOperation
 0001:000178E8       InvalidOperation
 0002:00006600       InvalidPointer
 0001:00001F80       InvokeImplGetter
 0001:00001874       IOResult
 0002:00000940       IOwnerDraw
 0002:00000928       IRadios
 0002:00000938       IRTL
 0001:00041E20       IsAccel
 0001:0003E340       IsAccelChar
 0001:0002BB0C       IsBeforeTargetWindow
 0001:00005E40       IsChild
 0002:00006044       IsConsole
 0001:000607F8       IsCursorInControl
 0001:0000AE78       IsDelimiter
 0001:0002BF0C       IsDelphiHandle
 0001:00005E48       IsDialogMessage
 0002:00000930       ISeparators
 0001:0000C4A0       IsEqualIID
 0001:00005E50       IsIconic
 0001:0003E39C       IsInitialChar
 0001:000084CC       IsLeapYear
 0002:00006024       IsLibrary
 0002:00006045       IsMultiThread
 0001:0000AE44       IsPathDelimiter
 0001:00085F20       iSqrt
 0001:0002BCC0       IsSiteChildOfClient
 0001:00007404       IsValidIdent
 0001:00005E58       IsWindow
 0001:00005E60       IsWindowEnabled
 0001:00005E68       IsWindowVisible
 0001:00005E70       IsZoomed
 0001:0003BBC8       Iterate
 0001:0003BC28       IterateMenus
 0001:000637AC       jconsts
 0001:00076F1C       jpeg
 0001:000798D0       JpegCalc
 0002:00000D4C       JPEGDefaults
 0001:000639FC       JpegError
 0001:000669F4       jpeg_calc_output_dimensions
 0001:00065118       jpeg_consume_input
 0001:00071490       jpeg_CreateCompress
 0001:00064DA8       jpeg_CreateDecompress
 0001:000707E4       jpeg_destroy
 0001:00064E70       jpeg_destroy_decompress
 0001:000715A0       jpeg_finish_compress
 0001:0006522C       jpeg_finish_decompress
 0001:000668DC       jpeg_finish_output
 0001:000651F8       jpeg_has_multiple_scans
 0001:000650AC       jpeg_read_header
 0001:00066740       jpeg_read_scanlines
 0001:00070C6C       jpeg_set_colorspace
 0001:00070B08       jpeg_set_defaults
 0001:00070A44       jpeg_set_quality
 0001:000710D4       jpeg_simple_progression
 0001:000712B8       jpeg_start_compress
 0001:000665BC       jpeg_start_decompress
 0001:0006687C       jpeg_start_output
 0001:00070908       jpeg_stdio_dest
 0001:00066550       jpeg_stdio_src
 0002:00000D54       jpeg_std_error
 0001:00071324       jpeg_write_scanlines
 0001:00077B28       JPGLoadImageFromFile
 0001:00041DD4       KeyboardStateToShiftState
 0001:00041D98       KeyDataToShiftState
 0001:00041D44       KeysToShiftState
 0001:0008DC54       KillThreads
 0001:00005E78       KillTimer
 0001:0007ECEC       LastColor
 0001:0000783C       LastDelimiter
 0002:00000104       LeadBytes
 0001:00005808       LeaveCriticalSection
 0001:000003D0       LeaveCriticalSection
 0001:00061398       Length3D
 0002:0000000C       LibModuleList
 0001:00005A40       LineTo
 0001:0002C9E8       ListAdd
 0001:0002CA10       ListRemove
 0002:000065F4       ListSeparator
 0001:000B4BA8       LoadAtom
 0001:00005E80       LoadBitmap
 0001:000A183C       LoadBmpFromPNG
 0001:00005E88       LoadCursor
 0001:00060B24       LoadFromFileString
 0001:00005E90       LoadIcon
 0001:0006319C       LoadIniInt
 0001:00063088       LoadIniString
 0001:000B5160       LoadKeyframe
 0001:00005810       LoadLibrary
 0001:000002E4       LoadLibraryEx
 0001:000B504C       LoadMuscle
 0001:00062F64       LoadMyIniFileInt
 0001:000B5A74       LoadOptions
 0001:000B56B0       LoadPolygon
 0001:000B5854       LoadPolyhedron
 0001:00005818       LoadResource
 0001:00004140       LoadResourceModule
 0001:000044BC       LoadResString
 0001:000B5538       LoadRoof
 0001:00063278       LoadSaveIniBool
 0001:00063318       LoadSaveIniDouble
 0001:00063104       LoadSaveIniInt
 0001:00062FD0       LoadSaveIniString
 0001:00062E08       LoadSaveMyIniFileBool
 0001:00062E80       LoadSaveMyIniFileDouble
 0001:00062D90       LoadSaveMyIniFileInt
 0001:00062CFC       LoadSaveMyIniFileString
 0001:000075AC       LoadStr
 0001:00005E98       LoadString
 0001:000002EC       LoadString
 0001:000B4E34       LoadStrut
 0001:000B5A98       LoadSymmetry
 0001:0000551C       LocalAlloc
 0001:000003A0       LocalAlloc
 0001:000003A8       LocalFree
 0001:00009D34       LocalGetLocaleStr
 0001:00005820       LockResource
 0002:00006500       LongDateFormat
 0002:00006594       LongDayNames
 0002:00006548       LongMonthNames
 0002:00006514       LongTimeFormat
 0001:0005EFFC       LPad
 0001:0005EF98       LPadC
 0001:000058B0       lstrcpy
 0001:000002F4       lstrcpy
 0001:000002FC       lstrlen
 0001:000AE408       LT
 0001:0005EF08       LZExpand
 0001:0007C8F4       LZWCompress
 0002:0000601C       MainInstance
 0002:00006020       MainThreadID
 0001:00000430       MakeEmpty
 0001:0000291C       MakeErrorMessage
 0002:00000858       MakeLast
 0001:00006078       MakeLong
 0001:00041BA4       MakeObjectInstance
 0001:000CA7A4       MakePoly
 0001:000AE638       MakePolygons
 0001:000AE880       MakePolygonsSym
 0001:000060EC       MakeROP4
 0001:000C5AE0       MakeSurface
 0001:000C6088       MakeTets
 0001:0009B2B0       make_crc_table
 0001:0000A734       MapException
 0001:0000268C       MapToRunError
 0001:00005EA0       MapVirtualKey
 0001:00005EA8       MapWindowPoints
 0001:000B7214       MarkStruts
 0002:00000878       Mask
 0002:0000174C       Mask
 0001:0005CCBC       Mask
 0001:00005A48       MaskBlt
 0002:0000175C       masks
 0001:0008E45C       Mass
 0001:0001E92C       Math
 0001:0001E880       Max
 0001:0001E8B4       Max
 0001:0001E858       Max
 0001:000516BC       Max
 0001:0001E850       Max
 0002:00006924       maxCode
 0001:000447C8       MaximizedChildren
 0002:000016F8       maxmaxcode
 0001:0007C7E8       MAX_CODE
 0001:0007D4D8       median_cut
 0002:00000014       MemoryManager
 0002:00000898       MenuKeyCaps
 0001:0003F1B8       Menus
 0001:00000480       MergeBlockAfter
 0001:00000F34       MergeCommit
 0001:000C25A0       MergeStruts
 0001:00005EB0       MessageBeep
 0001:000002A4       MessageBox
 0001:00005EB8       MessageBox
 0001:00051F10       MessageDlg
 0001:00051F30       MessageDlgPos
 0001:00051F54       MessageDlgPosHelp
 0001:000062E0       Messages
 0001:0001E7D4       Min
 0001:00037790       Min
 0001:0001E808       Min
 0001:0001E7AC       Min
 0001:0001E7A4       Min
 0001:000A11D0       Min
 0001:0000F060       Min
 0001:0002FCF0       MinVar
 0001:00062C68       Misc
 0002:000066D0       MMAvailable
 0001:0005B908       MMSystem
 0002:00000BB8       ModalResults
 0002:00000870       ModeMap
 0001:00046224       ModifySystemMenu
 0002:000000A0       Module
 0002:000064CD       ModuleIsCpp
 0002:000064CC       ModuleIsLib
 0001:00014958       ModuleUnload
 0002:00000010       ModuleUnloadList
 0002:000066AC       MonitorFromPoint
 0002:000066A8       MonitorFromRect
 0002:000066A4       MonitorFromWindow
 0001:00078EE8       MonoChannelToMonoChannel
 0001:00083274       MonochromePalette
 0001:000784EC       MonoToColor
 0002:000000D4       MonthDays
 0002:0000672C       Mouse
 0001:0000188C       Move
 0001:00005A50       MoveToEx
 0001:000C5878       MoveToShpere
 0001:000C5948       MoveToSurface
 0001:0002CA30       MoveWindowOrg
 0001:000915A4       MovieDlg
 0001:00005EC0       MsgWaitForMultipleObjects
 0001:00005828       MulDiv
 0001:00000304       MultiByteToWideChar
 0002:00000740       MultiColumns
 0001:0001E71C       MultiMon
 0002:00000728       MultiSelects
 0001:0005FC70       Mustbe
 0001:00060268       MustbeDouble
 0001:0005FDA4       MustbeNumber
 0001:000602B0       MustbeSignedDouble
 0001:0005FD48       MustbeSignedNumber
 0001:0005FD04       MustbeString
 0001:000CD778       MyAtomNum
 0001:000CA294       MyAtomNum
 0001:00062C70       MyIniFile
 0001:000CFEA4       MyoSim3D
 0001:0005F3B0       MyPosStr
 0002:00005168       n
 0002:00005130       n
 0001:000609E8       NearestPointOnLineToPoint
 0002:000064F5       NegCurrFormat
 0001:000C6494       NewAt
 0001:00000FC0       NewCommit
 0001:00000FEC       NewCommitAt
 0001:000C652C       NewSt
 0002:00000C30       NewState
 0002:00006730       NewStyleControls
 0001:000C65A8       NewTet
 0001:00084CEC       nextCode
 0001:0008564C       NextHashKey
 0001:0005FDEC       NextIs
 0001:0005FEF8       NextIsFixed
 0001:0005FF88       NextIsNumber
 0001:0006011C       NextIsSignedDouble
 0001:0005FFE8       NextIsString
 0001:000BE7CC       NextK
 0001:00084FAC       NextLZW
 0001:0005FBC0       NextNumber
 0001:0007C810       NextPixel
 0002:000002F4       NilMethod
 0001:0006114C       Normalise3D
 0001:000022F0       NotifyAnyExcept
 0001:000022C8       NotifyExcept
 0001:00002324       NotifyExceptFinally
 0001:0000E790       NotifyGlobalLoading
 0001:000043E0       NotifyModuleUnload
 0001:000022A8       NotifyNonDelphiException
 0001:000022DC       NotifyOnExcept
 0001:0000228C       NotifyReRaise
 0001:0000234C       NotifyTerminate
 0001:00002368       NotifyUnhandled
 0002:000017E4       NSLoopIdent
 0002:00001800       NSLoopIdent
 0002:00006400       Null
 0001:0005E8A4       num
 0002:00006920       n_bits
 0002:00000688       OEMConverts
 0001:00005EC8       OemToAnsi
 0001:00005ED0       OffsetRect
 0001:000605BC       oldEraseFile
 0001:00060628       oldEraseFiles
 0001:000038D4       OleStrToStrVar
 0001:00005ED8       OpenClipboard
 0002:00000AD4       OpenOptions
 0001:0007AD3C       Optionsdlg
 0002:00000850       OrientArray
 0002:00000C98       OrientationStyle
 0002:00000828       OuterStyles
 0001:000A6C80       OutlinePolygons
 0001:00060E14       OutlineRect
 0001:00060DE4       OutlineTRect
 0002:000065FC       OutOfMemory
 0001:000179F0       OutOfResources
 0001:0007CB10       output
 0002:00006218       Output
 0001:00063A74       OutputMessage
 0001:000C57F8       OutsideSurface
 0001:0009B330       PaethPredictor
 0001:000C4100       Paint
 0001:000285B8       PaintListBox
 0002:00000608       Pal16
 0001:00015CC0       PaletteChanged
 0002:00001740       PaletteDevice
 0001:000181DC       PaletteFromDIBColorTable
 0001:00018280       PaletteToDIBColorTable
 0002:00000604       PalSize
 0001:00001944       ParamStr
 0001:00035B54       ParentNotLast
 0001:0007E178       pass2_fs_dither
 0001:0007DF60       pass2_no_dither
 0002:00000664       Passwords
 0001:00005A58       PatBlt
 0002:00006690       PatternManager
 0001:00005EE0       PeekMessage
 0002:00006684       PenManager
 0002:000005CC       PenModes
 0002:000005AC       PenStyles
 0001:000A6D18       Periphery
 0001:000C778C       PivotPoint
 0002:00005148       Pix
 0002:00005134       Pix
 0001:00077A70       PixBrightnessContrast
 0001:000779F0       PixBrightnessContrast2
 0001:00078FE4       PixConvertToColorModel
 0001:00078190       PixDraw
 0001:00077E20       Pixel
 0001:00077E48       PixelChannel
 0001:00077FF4       PixFillPixChannel
 0001:0007838C       PixGetRect
 0001:00079524       PixIsMonochrome
 0001:00077BDC       PixLoadFromFile
 0002:00001644       PixProgressUpdate
 0001:00077CC4       PixSaveToFile
 0001:000771BC       PixScanLine
 0001:00077EE0       PixSetPixelChannel
 0001:00077178       PixSetSize
 0001:00078218       PixStretchDraw
 0001:00077534       PixToBitmap
 0001:00077828       PixToBitmap2
 0001:000626D8       PlaneThroughThreePoints
 0001:00005A60       PlayEnhMetaFile
 0002:0000506C       PngHeader
 0001:000A192C       pngimage
 0001:0009A2A0       pnglang
 0001:0000E0CC       Point
 0001:00062AB8       PointInsideTriangleSingle
 0001:00006134       PointToSmallPoint
 0001:00005A68       Polygon
 0001:000A6BD0       PolygonForces
 0001:000AE548       PolygonInPolyhedron
[...]
 10854 0001:000C8EAC 10855 0001:000C8EB1 10856 0001:000C8EBA 10857 0001:000C8EC4
 10925 0001:000C8ED0 10926 0001:000C8ED3 10927 0001:000C8EE2 10928 0001:000C8EE9
 10933 0001:000C8EEC 10934 0001:000C8EF2 10935 0001:000C8F02 10934 0001:000C8F17
 10936 0001:000C8F1C 10938 0001:000C8F2A 10939 0001:000C8F50 10940 0001:000C8F8D
 10941 0001:000C8FB9 10942 0001:000C9007 10937 0001:000C9034 10943 0001:000C903B
 10958 0001:000C9040 10959 0001:000C9043 10961 0001:000C9051 10962 0001:000C9063
 10963 0001:000C9087 10964 0001:000C90A5 10965 0001:000C90C3 10966 0001:000C90E1
 10968 0001:000C90E8 10971 0001:000C90EC 10972 0001:000C90F2 10974 0001:000C90FB
 10975 0001:000C9102 10977 0001:000C910A 10978 0001:000C9119 10979 0001:000C911D
 10981 0001:000C9128 10985 0001:000C914C 10987 0001:000C9157 10994 0001:000C915C
 10995 0001:000C9183 10996 0001:000C918A 10998 0001:000C919D 10999 0001:000C91A4
 11000 0001:000C91B3 11001 0001:000C91CC 11003 0001:000C91E7 11004 0001:000C91F5
 11005 0001:000C9201 11006 0001:000C920E 11007 0001:000C9229 11009 0001:000C9239
 11010 0001:000C9244 11011 0001:000C926D 11012 0001:000C92BA 11013 0001:000C92E7
 11014 0001:000C9314 11016 0001:000C9336 11018 0001:000C935C 11001 0001:000C935F
 11019 0001:000C9366 11020 0001:000C936D 11021 0001:000C9378 11023 0001:000C93AD
 11026 0001:000C93F8 11027 0001:000C93FB 11029 0001:000C9409 11030 0001:000C9424
 11031 0001:000C942F 11034 0001:000C9454 11035 0001:000C9459 11037 0001:000C9467
 11038 0001:000C948E 11039 0001:000C94BB 11042 0001:000C94E8 11043 0001:000C94EF
 11047 0001:000C94F4 11048 0001:000C9511 11051 0001:000C9518 11052 0001:000C951B
 11053 0001:000C952C 11054 0001:000C9537 11063 0001:000C953C 11068 0001:000C9558
 11069 0001:000C9564 11070 0001:000C9588 11072 0001:000C9590 11073 0001:000C95A8
 11075 0001:000C95B2 11076 0001:000C95CD 11078 0001:000C95E7 11079 0001:000C960B
 11080 0001:000C9630 11076 0001:000C9631 11083 0001:000C9636 11084 0001:000C9651
 11086 0001:000C9667 11087 0001:000C968B 11088 0001:000C96B0 11084 0001:000C96B1
 11089 0001:000C96B4 11072 0001:000C96B5 11092 0001:000C96BE 11094 0001:000C96C4
 11095 0001:000C96DB 11094 0001:000C96F8 11098 0001:000C96FD 11099 0001:000C9714
 11098 0001:000C9727 11102 0001:000C972A 11105 0001:000C9730 11106 0001:000C9736
 11107 0001:000C9743 11108 0001:000C9750 11109 0001:000C9759 11110 0001:000C976B
 11111 0001:000C9778 11115 0001:000C977C 11116 0001:000C9788 11117 0001:000C979A
 11125 0001:000C97A0 11126 0001:000C97CD 11127 0001:000C97DB 11128 0001:000C97F0
 11129 0001:000C97F5 11131 0001:000C9807 11132 0001:000C9825 11133 0001:000C9843
 11129 0001:000C9844 11134 0001:000C9847 11135 0001:000C984F 11136 0001:000C9866
 11138 0001:000C987E 11139 0001:000C9886 11140 0001:000C988E 11142 0001:000C98C3
 11146 0001:000C98CC 11147 0001:000C98ED 11149 0001:000C9900 11150 0001:000C9910
 11151 0001:000C9920 11152 0001:000C9930 11153 0001:000C9940 11154 0001:000C9950
 11155 0001:000C9960 11157 0001:000C9970 11158 0001:000C997F 11159 0001:000C9994
 11160 0001:000C99C6 11161 0001:000C99D4 11164 0001:000C99E6 11162 0001:000C99EC
 11165 0001:000C9A6C 11166 0001:000C9ACB 11167 0001:000C9ADD 11166 0001:000C9AF3
 11169 0001:000C9B03 11172 0001:000C9B19 11173 0001:000C9B27 11174 0001:000C9B39
 11173 0001:000C9B4F 11176 0001:000C9B52 11178 0001:000C9B7C 11181 0001:000C9BD8
 11182 0001:000C9BDB 11183 0001:000C9BEC 11184 0001:000C9C00 11188 0001:000C9C04
 11189 0001:000C9C07 11190 0001:000C9C19 11189 0001:000C9C28 11191 0001:000C9C2B
 11194 0001:000C9C30 11195 0001:000C9C34 11196 0001:000C9C5B 11197 0001:000C9C92
 11198 0001:000C9C99 11199 0001:000C9CA0 11200 0001:000C9CA7 11201 0001:000C9CB2
 11202 0001:000C9CBD 11206 0001:000C9CC0 11207 0001:000C9CC4 11208 0001:000C9CCD
 11209 0001:000C9CDF 11208 0001:000C9CF8 11210 0001:000C9CFB 11211 0001:000C9D02
 11212 0001:000C9D09 11213 0001:000C9D10 11214 0001:000C9D1B 11215 0001:000C9D26
 11219 0001:000C9D2C 11220 0001:000C9D30 11221 0001:000C9D39 11222 0001:000C9D4B
 11221 0001:000C9D64 11223 0001:000C9D67 11224 0001:000C9D6E 11225 0001:000C9D75
 11226 0001:000C9D7C 11227 0001:000C9D87 11228 0001:000C9D92 11236 0001:000C9D98
 11237 0001:000C9DC8 11238 0001:000C9DD6 11239 0001:000C9DE5 11240 0001:000C9DF5
 11242 0001:000C9E05 11245 0001:000C9E1D 11246 0001:000C9E3A 11243 0001:000C9E55
 11248 0001:000C9E5B 11249 0001:000C9E68 11239 0001:000C9E69 11251 0001:000C9E6E
 11252 0001:000C9E98 11254 0001:000C9EA2 11256 0001:000C9EB1 11257 0001:000C9EC5
 11258 0001:000C9ED5 11256 0001:000C9F87 11259 0001:000C9F90 11260 0001:000C9FA4
 11259 0001:000C9FB6 11263 0001:000C9FC0 11264 0001:000C9FD4 11265 0001:000C9FE4
 11266 0001:000CA078 11263 0001:000CA080 11269 0001:000CA089 11270 0001:000CA090
 11272 0001:000CA0A4 11274 0001:000CA0E9 11277 0001:000CA128 11278 0001:000CA13E
 11279 0001:000CA145 11280 0001:000CA156 11282 0001:000CA16C 11283 0001:000CA191
 11285 0001:000CA21C 11286 0001:000CA23D 11288 0001:000CA290 11292 0001:000CA294
 11293 0001:000CA299 11294 0001:000CA2AF 11295 0001:000CA2C2 11296 0001:000CA2C7
 11293 0001:000CA2C8 11297 0001:000CA2CB 11298 0001:000CA2CF 11307 0001:000CA2D4
 11308 0001:000CA2F3 11309 0001:000CA302 11311 0001:000CA320 11314 0001:000CA336
 11315 0001:000CA343 11316 0001:000CA356 11317 0001:000CA369 11318 0001:000CA378
 11319 0001:000CA387 11322 0001:000CA3E5 11324 0001:000CA3EB 11311 0001:000CA3EC
 11325 0001:000CA3F3 11328 0001:000CA3FB 11329 0001:000CA402 11330 0001:000CA409
 11331 0001:000CA410 11332 0001:000CA417 11333 0001:000CA41E 11334 0001:000CA425
 11336 0001:000CA43F 11337 0001:000CA461 11338 0001:000CA47A 11339 0001:000CA493
 11340 0001:000CA4AC 11341 0001:000CA4C5 11342 0001:000CA4DE 11334 0001:000CA4DF
 11343 0001:000CA4E8 11346 0001:000CA4FE 11347 0001:000CA52E 11348 0001:000CA54C
 11343 0001:000CA54D 11349 0001:000CA577 11353 0001:000CA594 11354 0001:000CA5BD
 11356 0001:000CA5C5 11358 0001:000CA5CD 11360 0001:000CA5D5 11361 0001:000CA5E6
 11362 0001:000CA5F7 11363 0001:000CA60E 11364 0001:000CA612 11366 0001:000CA625
 11367 0001:000CA62A 11368 0001:000CA637 11366 0001:000CA638 11369 0001:000CA63D
 11370 0001:000CA642 11372 0001:000CA649 11373 0001:000CA650 11374 0001:000CA655
 11369 0001:000CA656 11375 0001:000CA65B 11377 0001:000CA674 11379 0001:000CA6E7
 11380 0001:000CA6ED 11382 0001:000CA72C 11384 0001:000CA7A4 11385 0001:000CA7B6
 11386 0001:000CA7B9 11387 0001:000CA7EE 11388 0001:000CA7FF 11389 0001:000CA80A
 11390 0001:000CA813 11391 0001:000CA81F 11392 0001:000CA829 11393 0001:000CA831
 11394 0001:000CA83A 11395 0001:000CA841 11396 0001:000CA848 11398 0001:000CA84D
 11399 0001:000CA862 11400 0001:000CA874 11401 0001:000CA886 11402 0001:000CA898
 11403 0001:000CA8B0 11408 0001:000CA8B8 11409 0001:000CA8DA 11410 0001:000CA8E9
 11411 0001:000CA907 11413 0001:000CA91D 11414 0001:000CA92A 11415 0001:000CA93D
 11416 0001:000CA950 11417 0001:000CA963 11418 0001:000CA976 11419 0001:000CA989
 11420 0001:000CA99C 11421 0001:000CA9AF 11422 0001:000CA9C2 11423 0001:000CA9D5
 11424 0001:000CA9E8 11425 0001:000CA9FB 11426 0001:000CAA0E 11427 0001:000CAA21
 11429 0001:000CAA34 11430 0001:000CAA3C 11431 0001:000CABA8 11432 0001:000CAD14
 11433 0001:000CAE80 11434 0001:000CAFEC 11435 0001:000CB158 11436 0001:000CB2C4
 11437 0001:000CB430 11438 0001:000CB59C 11439 0001:000CB708 11440 0001:000CB874
 11441 0001:000CB9E0 11443 0001:000CBB4C 11444 0001:000CBB59 11445 0001:000CBB8B
 11446 0001:000CBBBD 11447 0001:000CBBEF 11448 0001:000CBC21 11450 0001:000CBC53
 11451 0001:000CBC6A 11452 0001:000CBC81 11453 0001:000CBC98 11455 0001:000CBCAF
 11456 0001:000CBCC6 11457 0001:000CBCDD 11458 0001:000CBCF4 11460 0001:000CBD0B
 11461 0001:000CBD22 11462 0001:000CBD39 11463 0001:000CBD50 11465 0001:000CBD67
 11467 0001:000CBD74 11468 0001:000CBD8F 11469 0001:000CBDAA 11470 0001:000CBDC5
 11471 0001:000CBDE0 11472 0001:000CBDFB 11474 0001:000CBE16 11476 0001:000CBE20
 11477 0001:000CBE35 11478 0001:000CBE4A 11479 0001:000CBE5F 11481 0001:000CBE74
 11482 0001:000CBE89 11483 0001:000CBE9E 11484 0001:000CBEB3 11486 0001:000CBEC8
 11487 0001:000CBEDD 11488 0001:000CBEF2 11489 0001:000CBF07 11490 0001:000CBF1C
 11492 0001:000CBF49 11493 0001:000CBF88 11495 0001:000CBFA7 11496 0001:000CBFD8
 11498 0001:000CC015 11500 0001:000CC034 11505 0001:000CC065 11411 0001:000CC066
 11506 0001:000CC06D 11507 0001:000CC09F 11511 0001:000CC20C 11512 0001:000CC241
 11513 0001:000CC263 11514 0001:000CC277 11515 0001:000CC27C 11516 0001:000CC286
 11518 0001:000CC30B 11519 0001:000CC35C 11520 0001:000CC375 11514 0001:000CC376
 11520 0001:000CC37F 11512 0001:000CC382 11521 0001:000CC3C0 11524 0001:000CC44C
 11525 0001:000CC48A 11526 0001:000CC4A3 11527 0001:000CC4B9 11525 0001:000CC506
 11528 0001:000CC53D 11534 0001:000CC544 11535 0001:000CC566 11536 0001:000CC575
 11537 0001:000CC593 11538 0001:000CC5A4 11539 0001:000CC5BC 11541 0001:000CC5D2
 11543 0001:000CC5DF 11544 0001:000CC5F4 11546 0001:000CC609 11548 0001:000CC61A
 11550 0001:000CC627 11551 0001:000CC63C 11552 0001:000CC651 11553 0001:000CC666
 11554 0001:000CC677 11556 0001:000CC686 11557 0001:000CC68C 11558 0001:000CC69D
 11559 0001:000CC6A8 11560 0001:000CC6AF 11561 0001:000CC6C0 11562 0001:000CC6CB
 11563 0001:000CC6D1 11565 0001:000CC6D9 11566 0001:000CC6E8 11563 0001:000CC6EE
 11571 0001:000CC6F6 11572 0001:000CC707 11574 0001:000CC718 11577 0001:000CC747
 11578 0001:000CC75C 11579 0001:000CC771 11580 0001:000CC784 11581 0001:000CC799
 11582 0001:000CC7AE 11585 0001:000CC7C5 11584 0001:000CC7FD 11586 0001:000CC813
 11587 0001:000CC82E 11588 0001:000CC845 11589 0001:000CC85B 11591 0001:000CC868
 11592 0001:000CC893 11593 0001:000CC8AB 11594 0001:000CC8D6 11596 0001:000CC8EE
 11598 0001:000CC8FE 11539 0001:000CC8FF 11600 0001:000CC906 11601 0001:000CC91C
 11602 0001:000CC92F 11603 0001:000CC958 11600 0001:000CC96A 11604 0001:000CC96F
 11605 0001:000CC9A1 11606 0001:000CCA90 11607 0001:000CCABD 11608 0001:000CCAED
 11611 0001:000CCB1D 11612 0001:000CCB27 11613 0001:000CCB35 11614 0001:000CCB45
 11615 0001:000CCB53 11617 0001:000CCB5D 11618 0001:000CCB64 11619 0001:000CCB6B
 11620 0001:000CCB8D 11622 0001:000CCB94 11623 0001:000CCB9C 11624 0001:000CCBA4
 11625 0001:000CCBAC 11626 0001:000CCBB4 11627 0001:000CCBBC 11629 0001:000CCBD5
 11632 0001:000CCBFF 11634 0001:000CCC15 11635 0001:000CCC32 11636 0001:000CCC4D
 11637 0001:000CCC58 11638 0001:000CCC62 11639 0001:000CCC6A 11640 0001:000CCC72
 11641 0001:000CCCA1 11665 0001:000CCD70 11666 0001:000CCD79 11667 0001:000CCD80
 11668 0001:000CCD88 11669 0001:000CCD90 11670 0001:000CCD98 11671 0001:000CCD9F
 11672 0001:000CCDA7 11673 0001:000CCDAF 11675 0001:000CCDC3 11676 0001:000CCDDF
 11677 0001:000CCDF4 11678 0001:000CCE09 11679 0001:000CCE1E 11680 0001:000CCE33
 11681 0001:000CCE48 11673 0001:000CCE49 11683 0001:000CCE52 11684 0001:000CCE5C
 11685 0001:000CCE64 11686 0001:000CCE6C 11687 0001:000CCE74 11688 0001:000CCE9B
 11689 0001:000CCEC2 11690 0001:000CCEE3 11691 0001:000CCF16 11693 0001:000CCF36
 11694 0001:000CCF5D 11695 0001:000CCF84 11696 0001:000CCFA5 11697 0001:000CCFD8
 11699 0001:000CD00B 11700 0001:000CD032 11701 0001:000CD059 11702 0001:000CD07A
 11703 0001:000CD0AD 11705 0001:000CD0CD 11706 0001:000CD0D5 11707 0001:000CD0DD
 11708 0001:000CD0FD 11709 0001:000CD105 11710 0001:000CD10A 11711 0001:000CD112
 11713 0001:000CD117 11714 0001:000CD15F 11715 0001:000CD1A7 11716 0001:000CD1EF
 11717 0001:000CD237 11718 0001:000CD27E 11719 0001:000CD2C5 11720 0001:000CD30C
 11721 0001:000CD353 11723 0001:000CD3A9 11725 0001:000CD415 11726 0001:000CD436
 11727 0001:000CD458 11729 0001:000CD47B 11730 0001:000CD49C 11732 0001:000CD4BE
 11733 0001:000CD4C6 11734 0001:000CD4CE 11737 0001:000CD526 11738 0001:000CD540
 11740 0001:000CD55A 11741 0001:000CD561 11744 0001:000CD588 11745 0001:000CD59E
 11746 0001:000CD5A5 11748 0001:000CD5B6 11749 0001:000CD5D0 11750 0001:000CD5FC
 11751 0001:000CD616 11753 0001:000CD654 11758 0001:000CD6E0 11759 0001:000CD6E4
 11760 0001:000CD6F4 11761 0001:000CD704 11759 0001:000CD70E 11762 0001:000CD713
 11763 0001:000CD723 11764 0001:000CD730 11762 0001:000CD762 11765 0001:000CD767
 11766 0001:000CD76E 11767 0001:000CD775 11781 0001:000CD778 11782 0001:000CD77D
 11783 0001:000CD793 11784 0001:000CD7A6 11785 0001:000CD7AB 11782 0001:000CD7AC
 11786 0001:000CD7AF 11787 0001:000CD7B3 11791 0001:000CD7B8 11792 0001:000CD7E1
 11793 0001:000CD809 11795 0001:000CD819 11796 0001:000CD844 11797 0001:000CD85C
 11798 0001:000CD887 11800 0001:000CD89F 11801 0001:000CD8BC 11802 0001:000CD902
 11800 0001:000CD91A 11803 0001:000CD947 11806 0001:000CD974 11807 0001:000CD9A7
 11808 0001:000CD9B5 11809 0001:000CD9C5 11810 0001:000CD9D5 11811 0001:000CD9DD
 11814 0001:000CD9EE 11813 0001:000CDA1F 11815 0001:000CDA31 11817 0001:000CDAD3
 11818 0001:000CDB3D 11819 0001:000CDB6D 11820 0001:000CDB7F 11824 0001:000CDBA3
 11825 0001:000CDC06 11828 0001:000CDC17 11827 0001:000CDC48 11829 0001:000CDC5A
 11830 0001:000CDC90 11833 0001:000CDCD1 11838 0001:000CDCF8 11839 0001:000CDD28
 11840 0001:000CDD36 11841 0001:000CDD46 11842 0001:000CDD54 11843 0001:000CDD63
 11844 0001:000CDD6E 11845 0001:000CDD7A 11846 0001:000CDD81 11848 0001:000CDD88
 11849 0001:000CDD8F 11851 0001:000CDDA5 11853 0001:000CDDB2 11855 0001:000CDDDC
 11856 0001:000CDDEF 11857 0001:000CDE04 11858 0001:000CDE17 11859 0001:000CDE28
 11860 0001:000CDE37 11861 0001:000CDE48 11862 0001:000CDE59 11864 0001:000CDE68
 11865 0001:000CDE79 11866 0001:000CDE89 11867 0001:000CDE8F 11869 0001:000CDE95
 11872 0001:000CDE9B 11849 0001:000CDE9C 11874 0001:000CDEA3 11875 0001:000CDEAB
 11876 0001:000CDEB3 11877 0001:000CDEBB 11878 0001:000CDEC3 11879 0001:000CDECB
 11881 0001:000CDEE4 11884 0001:000CDF0E 11886 0001:000CDF24 11887 0001:000CDF41
 11888 0001:000CDF4C 11889 0001:000CDF56 11890 0001:000CDF5E 11891 0001:000CDF66
 11892 0001:000CDF9D 11899 0001:000CE008 11900 0001:000CE033 11901 0001:000CE041
 11903 0001:000CE050 11904 0001:000CE055 11905 0001:000CE073 11907 0001:000CE089
 11908 0001:000CE098 11909 0001:000CE0B7 11910 0001:000CE0C6 11911 0001:000CE0E5
 11912 0001:000CE0F4 11913 0001:000CE113 11904 0001:000CE114 11915 0001:000CE11E
 11916 0001:000CE13C 11917 0001:000CE152 11921 0001:000CE21D 11915 0001:000CE21E
 11923 0001:000CE228 11925 0001:000CE240 11927 0001:000CE27A 11932 0001:000CE290
 11933 0001:000CE298 11934 0001:000CE29C 11936 0001:000CE29E 11938 0001:000CE2A7
 11939 0001:000CE2AD 11940 0001:000CE2B3 11941 0001:000CE2B9 11943 0001:000CE2C4
 11944 0001:000CE2E5 11945 0001:000CE306 11946 0001:000CE327 11948 0001:000CE348
 11949 0001:000CE369 11950 0001:000CE38A 11951 0001:000CE3AB 11953 0001:000CE3CC
 11954 0001:000CE3ED 11955 0001:000CE40E 11956 0001:000CE42F 11958 0001:000CE450
 11959 0001:000CE46E 11960 0001:000CE48C 11961 0001:000CE4AA 11963 0001:000CE4C8
 11964 0001:000CE4CE 11965 0001:000CE4D4 11966 0001:000CE4DA 11968 0001:000CE4E0
 11972 0001:000CE4E8 11973 0001:000CE50C 11974 0001:000CE51D 11975 0001:000CE538
 11976 0001:000CE53E 11977 0001:000CE55A 11973 0001:000CE575 11978 0001:000CE578
 11979 0001:000CE582 11980 0001:000CE5C5 11983 0001:000CE5CC 11984 0001:000CE5F8
 11985 0001:000CE606 11986 0001:000CE615 11988 0001:000CE633 11989 0001:000CE642
 11991 0001:000CE651 11992 0001:000CE66D 11994 0001:000CE686 12005 0001:000CE7B1
 11986 0001:000CE7B2 12007 0001:000CE7B9 12009 0001:000CE7D1 12011 0001:000CE80B
 12016 0001:000CE83C 12017 0001:000CE856 12018 0001:000CE85B 12019 0001:000CE86A
 12021 0001:000CE884 12023 0001:000CE889 12024 0001:000CE8BC 12025 0001:000CE8DC
 12026 0001:000CE8DF 12021 0001:000CE8E0 12027 0001:000CE8E5 12018 0001:000CE8E9
 12028 0001:000CE8F5 12033 0001:000CE900 12034 0001:000CE92F 12035 0001:000CE93D
 12036 0001:000CE94C 12037 0001:000CE959 12038 0001:000CE966 12039 0001:000CE970
 12040 0001:000CE9A5 12042 0001:000CE9AF 12043 0001:000CE9BC 12044 0001:000CE9C9
 12045 0001:000CE9E9 12044 0001:000CEA53 12047 0001:000CEA58 12048 0001:000CEA5C
 12050 0001:000CEA80 12051 0001:000CEA8A 12052 0001:000CEA97 12054 0001:000CEAE0
 12056 0001:000CEAFF 12057 0001:000CEB7B 12058 0001:000CEBB9 12059 0001:000CEBBD
 12054 0001:000CEBBE 12061 0001:000CEBC7 12062 0001:000CEC1A 12048 0001:000CEC1D
 12064 0001:000CEC26 12066 0001:000CEC3E 12068 0001:000CEC80 12074 0001:000CEE20
 12075 0001:000CEE50 12076 0001:000CEE5E 12077 0001:000CEE6D 12078 0001:000CEE7C
 12079 0001:000CEE8B 12081 0001:000CEE9A 12082 0001:000CEEA4 12083 0001:000CEEB1
 12085 0001:000CEEBE 12086 0001:000CEEC8 12087 0001:000CEED5 12089 0001:000CEEE2
 12090 0001:000CEEE7 12092 0001:000CEF06 12093 0001:000CEF08 12094 0001:000CEF28
 12096 0001:000CEF3C 12098 0001:000CEF45 12099 0001:000CEF46 12100 0001:000CEF53
 12101 0001:000CEFA4 12102 0001:000CEFF5 12103 0001:000CEFF9 12105 0001:000CF03B
 12093 0001:000CF03F 12106 0001:000CF049 12107 0001:000CF04D 12108 0001:000CF08A
 12090 0001:000CF08B 12110 0001:000CF094 12111 0001:000CF0A1 12112 0001:000CF0AE
 12113 0001:000CF0B8 12114 0001:000CF0C5 12115 0001:000CF0CF 12116 0001:000CF0DC
 12117 0001:000CF10C 12118 0001:000CF119 12119 0001:000CF158 12120 0001:000CF162
 12121 0001:000CF16F 12122 0001:000CF17C 12124 0001:000CF186 12125 0001:000CF191
 12126 0001:000CF19C 12127 0001:000CF1A7 12129 0001:000CF1BF 12130 0001:000CF1C7
 12131 0001:000CF1CF 12132 0001:000CF1D7 12134 0001:000CF211 12135 0001:000CF4F4
 12136 0001:000CF50F 12137 0001:000CF520 12138 0001:000CF529 12139 0001:000CF538
 12140 0001:000CF546 12141 0001:000CF556 12142 0001:000CF57A 12143 0001:000CF59E
 12144 0001:000CF5C2 12146 0001:000CF5FD 12148 0001:000CF638 12152 0001:000CF684
 12153 0001:000CF68A 12156 0001:000CF68C 12157 0001:000CF690 12158 0001:000CF6C3
 12161 0001:000CF6CC 12162 0001:000CF6D0 12163 0001:000CF709 12166 0001:000CF714
 12167 0001:000CF717 12169 0001:000CF735 12170 0001:000CF755 12172 0001:000CF76B
 12173 0001:000CF778 12175 0001:000CF785 12177 0001:000CF790 12181 0001:000CF794
 12182 0001:000CF7B5 12183 0001:000CF7BA 12184 0001:000CF7CF 12185 0001:000CF7DF
 12183 0001:000CF7E3 12186 0001:000CF7E8 12188 0001:000CF7EE 12189 0001:000CF7FB
 12190 0001:000CF808 12193 0001:000CF80D 12195 0001:000CF822 12196 0001:000CF836
 12197 0001:000CF840 12198 0001:000CF854 12200 0001:000CF85E 12201 0001:000CF86E
 12203 0001:000CF884 12204 0001:000CF889 12205 0001:000CF8A2 12207 0001:000CF8B6
 12208 0001:000CF8C8 12209 0001:000CF8D5 12210 0001:000CF8E5 12211 0001:000CF8F2
 12213 0001:000CF903 12214 0001:000CF910 12215 0001:000CF91D 12216 0001:000CF956
 12218 0001:000CF963 12219 0001:000CF967 12221 0001:000CF96B 12222 0001:000CF9C5
 12223 0001:000CF9D1 12224 0001:000CF9EF 12226 0001:000CFA0A 12227 0001:000CFA3E
 12228 0001:000CFA9A 12229 0001:000CFACE 12223 0001:000CFAD1 12230 0001:000CFADA
 12232 0001:000CFAEA 12233 0001:000CFAED 12204 0001:000CFAEE 12235 0001:000CFB1C
 12238 0001:000CFB30 12239 0001:000CFB33 12240 0001:000CFB42 12241 0001:000CFB49
 12245 0001:000CFB4C 12246 0001:000CFB58 12248 0001:000CFBEC 12248 0001:000CFBF3

Line numbers for MyoSim3D(C:\Users\Alan\Documents\My Software\Sim3D - 1217\MyoSim3D.dpr) segment .text

    23 0001:000CFEA4    24 0001:000CFEBB    25 0001:000CFEC2    26 0001:000CFECE
    27 0001:000CFEE1    28 0001:000CFEF4    29 0001:000CFF07    30 0001:000CFF1A
    31 0001:000CFF2D    32 0001:000CFF40    33 0001:000CFF53    34 0001:000CFF66
    35 0001:000CFF79    36 0001:000CFF8C    37 0001:000CFF9F    38 0001:000CFFA6

Bound resource files

c:\users\alan\documents\my software\github-aaa\repo\delphi4\Lib\CONTROLS.RES
c:\users\alan\documents\my software\github-aaa\repo\delphi4\Lib\BUTTONS.RES
c:\users\alan\documents\my software\github-aaa\repo\delphi4\Lib\SPIN.RES
c:\users\alan\documents\my software\github-aaa\repo\delphi4\aaa\lib\misc\FSPIN.RES
Optionsdlg.DFM
c:\users\alan\documents\my software\github-aaa\repo\delphi4\Lib\EXTDLGS.RES
Mass.DFM
EditStrut.DFM
EMAdlg.DFM
MovieDlg.DFM
ImportImagesdlg.DFM
HelpFm.DFM
Roofdlg.DFM
ImportNodesDlg.DFM
BGShiftDlg.DFM
Unit1.DFM
RES.res
MyoSim3D.RES
MyoSim3D.drf


Program entry point at 0001:000CFEA4
